Component: ARM Compiler 5.06 update 6 (build 750) Tool: armlink [4d35ed]

==============================================================================

Section Cross References

    startup_stm32f407xx.o(STACK) refers (Special) to heapauxi.o(.text) for __use_two_region_memory
    startup_stm32f407xx.o(HEAP) refers (Special) to heapauxi.o(.text) for __use_two_region_memory
    startup_stm32f407xx.o(RESET) refers (Special) to heapauxi.o(.text) for __use_two_region_memory
    startup_stm32f407xx.o(RESET) refers to startup_stm32f407xx.o(STACK) for __initial_sp
    startup_stm32f407xx.o(RESET) refers to startup_stm32f407xx.o(.text) for Reset_Handler
    startup_stm32f407xx.o(RESET) refers to stm32f4xx_it.o(i.NMI_Handler) for NMI_Handler
    startup_stm32f407xx.o(RESET) refers to stm32f4xx_it.o(i.HardFault_Handler) for HardFault_Handler
    startup_stm32f407xx.o(RESET) refers to stm32f4xx_it.o(i.MemManage_Handler) for MemManage_Handler
    startup_stm32f407xx.o(RESET) refers to stm32f4xx_it.o(i.BusFault_Handler) for BusFault_Handler
    startup_stm32f407xx.o(RESET) refers to stm32f4xx_it.o(i.UsageFault_Handler) for UsageFault_Handler
    startup_stm32f407xx.o(RESET) refers to port.o(.emb_text) for SVC_Handler
    startup_stm32f407xx.o(RESET) refers to stm32f4xx_it.o(i.DebugMon_Handler) for DebugMon_Handler
    startup_stm32f407xx.o(RESET) refers to stm32f4xx_it.o(i.SysTick_Handler) for SysTick_Handler
    startup_stm32f407xx.o(RESET) refers to stm32f4xx_it.o(i.EXTI0_IRQHandler) for EXTI0_IRQHandler
    startup_stm32f407xx.o(RESET) refers to stm32f4xx_it.o(i.EXTI4_IRQHandler) for EXTI4_IRQHandler
    startup_stm32f407xx.o(RESET) refers to stm32f4xx_it.o(i.EXTI9_5_IRQHandler) for EXTI9_5_IRQHandler
    startup_stm32f407xx.o(RESET) refers to ins_task.o(i.DMA2_Stream2_IRQHandler) for DMA2_Stream2_IRQHandler
    startup_stm32f407xx.o(RESET) refers to stm32f4xx_it.o(i.DMA2_Stream3_IRQHandler) for DMA2_Stream3_IRQHandler
    startup_stm32f407xx.o(.text) refers (Special) to heapauxi.o(.text) for __use_two_region_memory
    startup_stm32f407xx.o(.text) refers to system_stm32f4xx.o(i.SystemInit) for SystemInit
    startup_stm32f407xx.o(.text) refers to __main.o(!!!main) for __main
    startup_stm32f407xx.o(.text) refers to startup_stm32f407xx.o(HEAP) for Heap_Mem
    startup_stm32f407xx.o(.text) refers to startup_stm32f407xx.o(STACK) for Stack_Mem
    bmi088driver.o(i.BMI088_accel_read_over) refers to bmi088driver.o(.data) for BMI088_ACCEL_SEN
    bmi088driver.o(i.BMI088_gyro_read_over) refers to bmi088driver.o(.data) for BMI088_GYRO_SEN
    bmi088driver.o(i.BMI088_init) refers to bmi088middleware.o(i.BMI088_GPIO_init) for BMI088_GPIO_init
    bmi088driver.o(i.BMI088_init) refers to bmi088middleware.o(i.BMI088_com_init) for BMI088_com_init
    bmi088driver.o(i.BMI088_init) refers to bmi088driver.o(i.bmi088_accel_self_test) for bmi088_accel_self_test
    bmi088driver.o(i.BMI088_init) refers to bmi088driver.o(i.bmi088_accel_init) for bmi088_accel_init
    bmi088driver.o(i.BMI088_init) refers to bmi088driver.o(i.bmi088_gyro_self_test) for bmi088_gyro_self_test
    bmi088driver.o(i.BMI088_init) refers to bmi088driver.o(i.bmi088_gyro_init) for bmi088_gyro_init
    bmi088driver.o(i.BMI088_read) refers to bmi088middleware.o(i.BMI088_ACCEL_NS_L) for BMI088_ACCEL_NS_L
    bmi088driver.o(i.BMI088_read) refers to bmi088middleware.o(i.BMI088_read_write_byte) for BMI088_read_write_byte
    bmi088driver.o(i.BMI088_read) refers to bmi088driver.o(i.BMI088_read_muli_reg) for BMI088_read_muli_reg
    bmi088driver.o(i.BMI088_read) refers to bmi088middleware.o(i.BMI088_ACCEL_NS_H) for BMI088_ACCEL_NS_H
    bmi088driver.o(i.BMI088_read) refers to bmi088middleware.o(i.BMI088_GYRO_NS_L) for BMI088_GYRO_NS_L
    bmi088driver.o(i.BMI088_read) refers to bmi088middleware.o(i.BMI088_GYRO_NS_H) for BMI088_GYRO_NS_H
    bmi088driver.o(i.BMI088_read) refers to bmi088driver.o(.data) for BMI088_ACCEL_SEN
    bmi088driver.o(i.BMI088_read_accel_who_am_i) refers to bmi088middleware.o(i.BMI088_ACCEL_NS_L) for BMI088_ACCEL_NS_L
    bmi088driver.o(i.BMI088_read_accel_who_am_i) refers to bmi088middleware.o(i.BMI088_read_write_byte) for BMI088_read_write_byte
    bmi088driver.o(i.BMI088_read_accel_who_am_i) refers to bmi088middleware.o(i.BMI088_ACCEL_NS_H) for BMI088_ACCEL_NS_H
    bmi088driver.o(i.BMI088_read_gyro_who_am_i) refers to bmi088middleware.o(i.BMI088_GYRO_NS_L) for BMI088_GYRO_NS_L
    bmi088driver.o(i.BMI088_read_gyro_who_am_i) refers to bmi088driver.o(i.BMI088_read_single_reg) for BMI088_read_single_reg
    bmi088driver.o(i.BMI088_read_gyro_who_am_i) refers to bmi088middleware.o(i.BMI088_GYRO_NS_H) for BMI088_GYRO_NS_H
    bmi088driver.o(i.BMI088_read_muli_reg) refers to bmi088middleware.o(i.BMI088_read_write_byte) for BMI088_read_write_byte
    bmi088driver.o(i.BMI088_read_single_reg) refers to bmi088middleware.o(i.BMI088_read_write_byte) for BMI088_read_write_byte
[...]
    SPI_WaitFlagStateUntilTimeout            0x08002e6d   Thumb Code   168  stm32f4xx_hal_spi.o(i.SPI_WaitFlagStateUntilTimeout)
    i.StartDefaultTask                       0x08002f14   Section        0  freertos.o(i.StartDefaultTask)
    i.SysTick_Handler                        0x08002f1e   Section        0  stm32f4xx_it.o(i.SysTick_Handler)
    i.SystemClock_Config                     0x08002f34   Section        0  main.o(i.SystemClock_Config)
    i.SystemInit                             0x08002fe8   Section        0  system_stm32f4xx.o(i.SystemInit)
    i.TIM_Base_SetConfig                     0x0800304c   Section        0  stm32f4xx_hal_tim.o(i.TIM_Base_SetConfig)
    i.TIM_CCxChannelCmd                      0x08003124   Section        0  stm32f4xx_hal_tim.o(i.TIM_CCxChannelCmd)
    i.TIM_OC1_SetConfig                      0x08003148   Section        0  stm32f4xx_hal_tim.o(i.TIM_OC1_SetConfig)
    TIM_OC1_SetConfig                        0x08003149   Thumb Code   104  stm32f4xx_hal_tim.o(i.TIM_OC1_SetConfig)
    i.TIM_OC2_SetConfig                      0x080031b8   Section        0  stm32f4xx_hal_tim.o(i.TIM_OC2_SetConfig)
    i.TIM_OC3_SetConfig                      0x08003234   Section        0  stm32f4xx_hal_tim.o(i.TIM_OC3_SetConfig)
    TIM_OC3_SetConfig                        0x08003235   Thumb Code   112  stm32f4xx_hal_tim.o(i.TIM_OC3_SetConfig)
    i.TIM_OC4_SetConfig                      0x080032ac   Section        0  stm32f4xx_hal_tim.o(i.TIM_OC4_SetConfig)
    TIM_OC4_SetConfig                        0x080032ad   Thumb Code    74  stm32f4xx_hal_tim.o(i.TIM_OC4_SetConfig)
    i.UsageFault_Handler                     0x08003300   Section        0  stm32f4xx_it.o(i.UsageFault_Handler)
    i.__ARM_fpclassifyf                      0x08003304   Section        0  fpclassifyf.o(i.__ARM_fpclassifyf)
    i.__NVIC_GetPriorityGrouping             0x0800332c   Section        0  stm32f4xx_hal_cortex.o(i.__NVIC_GetPriorityGrouping)
    __NVIC_GetPriorityGrouping               0x0800332d   Thumb Code    10  stm32f4xx_hal_cortex.o(i.__NVIC_GetPriorityGrouping)
    i.__NVIC_SetPriority                     0x0800333c   Section        0  stm32f4xx_hal_cortex.o(i.__NVIC_SetPriority)
    __NVIC_SetPriority                       0x0800333d   Thumb Code    32  stm32f4xx_hal_cortex.o(i.__NVIC_SetPriority)
    i.__hardfp_asinf                         0x08003364   Section        0  asinf.o(i.__hardfp_asinf)
    i.__hardfp_atan2f                        0x08003490   Section        0  atan2f.o(i.__hardfp_atan2f)
    i.__mathlib_flt_infnan                   0x080036e0   Section        0  funder.o(i.__mathlib_flt_infnan)
    i.__mathlib_flt_infnan2                  0x080036e6   Section        0  funder.o(i.__mathlib_flt_infnan2)
    i.__mathlib_flt_invalid                  0x080036ec   Section        0  funder.o(i.__mathlib_flt_invalid)
    i.__mathlib_flt_underflow                0x080036fc   Section        0  funder.o(i.__mathlib_flt_underflow)
    i.bmi088_accel_init                      0x0800370c   Section        0  bmi088driver.o(i.bmi088_accel_init)
    i.bmi088_accel_self_test                 0x08003840   Section        0  bmi088driver.o(i.bmi088_accel_self_test)
    i.bmi088_gyro_init                       0x08003b48   Section        0  bmi088driver.o(i.bmi088_gyro_init)
    i.bmi088_gyro_self_test                  0x08003c3c   Section        0  bmi088driver.o(i.bmi088_gyro_self_test)
    i.delay_init                             0x08003d0c   Section        0  bsp_delay.o(i.delay_init)
    i.delay_us                               0x08003d3c   Section        0  bsp_delay.o(i.delay_us)
    i.get_angle                              0x08003d8c   Section        0  ins_task.o(i.get_angle)
    i.imu_cali_slove                         0x08003ed8   Section        0  ins_task.o(i.imu_cali_slove)
    imu_cali_slove                           0x08003ed9   Thumb Code   186  ins_task.o(i.imu_cali_slove)
    i.imu_cmd_spi_dma                        0x08003fa4   Section        0  ins_task.o(i.imu_cmd_spi_dma)
    imu_cmd_spi_dma                          0x08003fa5   Thumb Code   312  ins_task.o(i.imu_cmd_spi_dma)
    i.imu_pwm_set                            0x0800410c   Section        0  bsp_imu_pwm.o(i.imu_pwm_set)
    i.imu_temp_control                       0x08004118   Section        0  ins_task.o(i.imu_temp_control)
    imu_temp_control                         0x08004119   Thumb Code   140  ins_task.o(i.imu_temp_control)
    i.invSqrt                                0x080041bc   Section        0  ins_task.o(i.invSqrt)
    i.main                                   0x080041f8   Section        0  main.o(i.main)
    i.makeFreeRtosPriority                   0x0800422c   Section        0  cmsis_os.o(i.makeFreeRtosPriority)
    makeFreeRtosPriority                     0x0800422d   Thumb Code    14  cmsis_os.o(i.makeFreeRtosPriority)
    i.osDelay                                0x0800423a   Section        0  cmsis_os.o(i.osDelay)
    i.osKernelStart                          0x08004252   Section        0  cmsis_os.o(i.osKernelStart)
    i.osThreadCreate                         0x0800425c   Section        0  cmsis_os.o(i.osThreadCreate)
    i.pcTaskGetName                          0x080042bc   Section        0  tasks.o(i.pcTaskGetName)
    i.prvAddCurrentTaskToDelayedList         0x080042ec   Section        0  tasks.o(i.prvAddCurrentTaskToDelayedList)
    prvAddCurrentTaskToDelayedList           0x080042ed   Thumb Code   124  tasks.o(i.prvAddCurrentTaskToDelayedList)
    i.prvAddNewTaskToReadyList               0x08004384   Section        0  tasks.o(i.prvAddNewTaskToReadyList)
    prvAddNewTaskToReadyList                 0x08004385   Thumb Code   150  tasks.o(i.prvAddNewTaskToReadyList)
    i.prvCheckTasksWaitingTermination        0x08004438   Section        0  tasks.o(i.prvCheckTasksWaitingTermination)
    prvCheckTasksWaitingTermination          0x08004439   Thumb Code    60  tasks.o(i.prvCheckTasksWaitingTermination)
    i.prvDeleteTCB                           0x08004480   Section        0  tasks.o(i.prvDeleteTCB)
    prvDeleteTCB                             0x08004481   Thumb Code    80  tasks.o(i.prvDeleteTCB)
    i.prvHeapInit                            0x080044d0   Section        0  heap_4.o(i.prvHeapInit)
    prvHeapInit                              0x080044d1   Thumb Code    98  heap_4.o(i.prvHeapInit)
    i.prvIdleTask                            0x0800454c   Section        0  tasks.o(i.prvIdleTask)
    prvIdleTask                              0x0800454d   Thumb Code    32  tasks.o(i.prvIdleTask)
    i.prvInitialiseNewTask                   0x08004574   Section        0  tasks.o(i.prvInitialiseNewTask)
    prvInitialiseNewTask                     0x08004575   Thumb Code   170  tasks.o(i.prvInitialiseNewTask)
    i.prvInitialiseTaskLists                 0x08004620   Section        0  tasks.o(i.prvInitialiseTaskLists)
    prvInitialiseTaskLists                   0x08004621   Thumb Code    70  tasks.o(i.prvInitialiseTaskLists)
    i.prvInsertBlockIntoFreeList             0x08004688   Section        0  heap_4.o(i.prvInsertBlockIntoFreeList)
    prvInsertBlockIntoFreeList               0x08004689   Thumb Code    96  heap_4.o(i.prvInsertBlockIntoFreeList)
    i.prvResetNextTaskUnblockTime            0x080046f0   Section        0  tasks.o(i.prvResetNextTaskUnblockTime)
    prvResetNextTaskUnblockTime              0x080046f1   Thumb Code    42  tasks.o(i.prvResetNextTaskUnblockTime)
    i.prvSearchForNameWithinSingleList       0x08004724   Section        0  tasks.o(i.prvSearchForNameWithinSingleList)
    prvSearchForNameWithinSingleList         0x08004725   Thumb Code   158  tasks.o(i.prvSearchForNameWithinSingleList)
    i.prvTaskExitError                       0x080047c4   Section        0  port.o(i.prvTaskExitError)
    prvTaskExitError                         0x080047c5   Thumb Code    60  port.o(i.prvTaskExitError)
    i.pvPortMalloc                           0x08004804   Section        0  heap_4.o(i.pvPortMalloc)
    i.pxPortInitialiseStack                  0x08004940   Section        0  port.o(i.pxPortInitialiseStack)
    i.sqrtf                                  0x0800496c   Section        0  sqrtf.o(i.sqrtf)
    i.ulTaskNotifyTake                       0x080049ac   Section        0  tasks.o(i.ulTaskNotifyTake)
    i.uxListRemove                           0x08004a20   Section        0  list.o(i.uxListRemove)
    i.vApplicationGetIdleTaskMemory          0x08004a48   Section        0  freertos.o(i.vApplicationGetIdleTaskMemory)
    i.vListInitialise                        0x08004a60   Section        0  list.o(i.vListInitialise)
    i.vListInitialiseItem                    0x08004a7a   Section        0  list.o(i.vListInitialiseItem)
    i.vListInsert                            0x08004a80   Section        0  list.o(i.vListInsert)
    i.vListInsertEnd                         0x08004ab4   Section        0  list.o(i.vListInsertEnd)
    i.vPortEnterCritical                     0x08004acc   Section        0  port.o(i.vPortEnterCritical)
    i.vPortExitCritical                      0x08004b20   Section        0  port.o(i.vPortExitCritical)
    i.vPortFree                              0x08004b5c   Section        0  heap_4.o(i.vPortFree)
    i.vPortSetupTimerInterrupt               0x08004bf0   Section        0  port.o(i.vPortSetupTimerInterrupt)
    i.vPortValidateInterruptPriority         0x08004c18   Section        0  port.o(i.vPortValidateInterruptPriority)
    i.vTaskDelay                             0x08004c90   Section        0  tasks.o(i.vTaskDelay)
    i.vTaskNotifyGiveFromISR                 0x08004cec   Section        0  tasks.o(i.vTaskNotifyGiveFromISR)
    i.vTaskStartScheduler                    0x08004ddc   Section        0  tasks.o(i.vTaskStartScheduler)
    i.vTaskSuspendAll                        0x08004e8c   Section        0  tasks.o(i.vTaskSuspendAll)
    i.vTaskSwitchContext                     0x08004e9c   Section        0  tasks.o(i.vTaskSwitchContext)
    i.xPortStartScheduler                    0x08004f28   Section        0  port.o(i.xPortStartScheduler)
    i.xPortSysTickHandler                    0x08005090   Section        0  port.o(i.xPortSysTickHandler)
    i.xTaskCreate                            0x080050c4   Section        0  tasks.o(i.xTaskCreate)
    i.xTaskCreateStatic                      0x08005128   Section        0  tasks.o(i.xTaskCreateStatic)
    i.xTaskGetHandle                         0x080051e0   Section        0  tasks.o(i.xTaskGetHandle)
    i.xTaskGetSchedulerState                 0x08005284   Section        0  tasks.o(i.xTaskGetSchedulerState)
    i.xTaskIncrementTick                     0x080052a4   Section        0  tasks.o(i.xTaskIncrementTick)
    i.xTaskResumeAll                         0x080053ec   Section        0  tasks.o(i.xTaskResumeAll)
    x$fpl$d2f                                0x080054f0   Section       98  d2f.o(x$fpl$d2f)
    $v0                                      0x080054f0   Number         0  d2f.o(x$fpl$d2f)
    x$fpl$dmul                               0x08005554   Section      340  dmul.o(x$fpl$dmul)
    $v0                                      0x08005554   Number         0  dmul.o(x$fpl$dmul)
    x$fpl$dnaninf                            0x080056a8   Section      156  dnaninf.o(x$fpl$dnaninf)
    $v0                                      0x080056a8   Number         0  dnaninf.o(x$fpl$dnaninf)
    x$fpl$dretinf                            0x08005744   Section       12  dretinf.o(x$fpl$dretinf)
    $v0                                      0x08005744   Number         0  dretinf.o(x$fpl$dretinf)
    x$fpl$f2d                                0x08005750   Section       86  f2d.o(x$fpl$f2d)
    $v0                                      0x08005750   Number         0  f2d.o(x$fpl$f2d)
    x$fpl$fnaninf                            0x080057a6   Section      140  fnaninf.o(x$fpl$fnaninf)
    $v0                                      0x080057a6   Number         0  fnaninf.o(x$fpl$fnaninf)
    x$fpl$fpinit                             0x08005832   Section       10  fpinit.o(x$fpl$fpinit)
    $v0                                      0x08005832   Number         0  fpinit.o(x$fpl$fpinit)
    x$fpl$fretinf                            0x0800583c   Section       10  fretinf.o(x$fpl$fretinf)
    $v0                                      0x0800583c   Number         0  fretinf.o(x$fpl$fretinf)
    .constdata                               0x08005846   Section       18  bmi088driver.o(.constdata)
    x$fpl$usenofp                            0x08005846   Section        0  usenofp.o(x$fpl$usenofp)
    write_BMI088_ACCEL_self_test_Reg_Data_Error 0x08005846   Data          18  bmi088driver.o(.constdata)
    .constdata                               0x08005858   Section       24  ins_task.o(.constdata)
    imu_temp_PID                             0x08005858   Data          12  ins_task.o(.constdata)
    fliter_num                               0x08005864   Data          12  ins_task.o(.constdata)
    .constdata                               0x08005870   Section       56  freertos.o(.constdata)
    .constdata                               0x080058a8   Section        8  stm32f4xx_hal_dma.o(.constdata)
    flagBitshiftOffset                       0x080058a8   Data           8  stm32f4xx_hal_dma.o(.constdata)
    .constdata                               0x080058b0   Section       24  system_stm32f4xx.o(.constdata)
    .conststring                             0x080058c8   Section       20  freertos.o(.conststring)
    .data                                    0x20000000   Section       45  bmi088driver.o(.data)
    write_BMI088_accel_reg_data_error        0x20000008   Data          18  bmi088driver.o(.data)
    write_BMI088_gyro_reg_data_error         0x2000001a   Data          18  bmi088driver.o(.data)
    .data                                    0x20000030   Section      160  ins_task.o(.data)
    INS_task_local_handler                   0x20000030   Data           4  ins_task.o(.data)
    first_temperate                          0x200000a4   Data           1  ins_task.o(.data)
    gyro_offset                              0x200000a8   Data          12  ins_task.o(.data)
    temp_constant_time                       0x200000c8   Data           1  ins_task.o(.data)
    xHigherPriorityTaskWoken                 0x200000cc   Data           4  ins_task.o(.data)
    .data                                    0x200000d0   Section        8  bsp_delay.o(.data)
    fac_us                                   0x200000d0   Data           1  bsp_delay.o(.data)
    fac_ms                                   0x200000d4   Data           4  bsp_delay.o(.data)
    .data                                    0x200000d8   Section        8  freertos.o(.data)
    .data                                    0x200000e0   Section        9  stm32f4xx_hal.o(.data)
    .data                                    0x200000ec   Section        4  system_stm32f4xx.o(.data)
    .data                                    0x200000f0   Section       60  tasks.o(.data)
    pxDelayedTaskList                        0x200000f4   Data           4  tasks.o(.data)
    pxOverflowDelayedTaskList                0x200000f8   Data           4  tasks.o(.data)
    uxDeletedTasksWaitingCleanUp             0x200000fc   Data           4  tasks.o(.data)
    uxCurrentNumberOfTasks                   0x20000100   Data           4  tasks.o(.data)
    xTickCount                               0x20000104   Data           4  tasks.o(.data)
    uxTopReadyPriority                       0x20000108   Data           4  tasks.o(.data)
    xSchedulerRunning                        0x2000010c   Data           4  tasks.o(.data)
    uxPendedTicks                            0x20000110   Data           4  tasks.o(.data)
    xYieldPending                            0x20000114   Data           4  tasks.o(.data)
    xNumOfOverflows                          0x20000118   Data           4  tasks.o(.data)
    uxTaskNumber                             0x2000011c   Data           4  tasks.o(.data)
    xNextTaskUnblockTime                     0x20000120   Data           4  tasks.o(.data)
    xIdleTaskHandle                          0x20000124   Data           4  tasks.o(.data)
    uxSchedulerSuspended                     0x20000128   Data           4  tasks.o(.data)
    .data                                    0x2000012c   Section       24  heap_4.o(.data)
    xStart                                   0x2000012c   Data           8  heap_4.o(.data)
    pxEnd                                    0x20000134   Data           4  heap_4.o(.data)
    xFreeBytesRemaining                      0x20000138   Data           4  heap_4.o(.data)
    xMinimumEverFreeBytesRemaining           0x2000013c   Data           4  heap_4.o(.data)
    xBlockAllocatedBit                       0x20000140   Data           4  heap_4.o(.data)
    .data                                    0x20000144   Section       12  port.o(.data)
    uxCriticalNesting                        0x20000144   Data           4  port.o(.data)
    ucMaxSysCallPriority                     0x20000148   Data           1  port.o(.data)
    ulMaxPRIGROUPValue                       0x2000014c   Data           4  port.o(.data)
    .bss                                     0x20000150   Section      244  ins_task.o(.bss)
    accel_fliter_1                           0x200001d4   Data          12  ins_task.o(.bss)
    accel_fliter_2                           0x200001e0   Data          12  ins_task.o(.bss)
    accel_fliter_3                           0x200001ec   Data          12  ins_task.o(.bss)
    .bss                                     0x20000244   Section      596  freertos.o(.bss)
    xIdleTaskTCBBuffer                       0x20000244   Data          84  freertos.o(.bss)
    xIdleStack                               0x20000298   Data         512  freertos.o(.bss)
    .bss                                     0x20000498   Section      280  spi.o(.bss)
    .bss                                     0x200005b0   Section       64  tim.o(.bss)
    .bss                                     0x200005f0   Section      240  tasks.o(.bss)
    pxReadyTasksLists                        0x200005f0   Data         140  tasks.o(.bss)
    xDelayedTaskList1                        0x2000067c   Data          20  tasks.o(.bss)
    xDelayedTaskList2                        0x20000690   Data          20  tasks.o(.bss)
    xPendingReadyList                        0x200006a4   Data          20  tasks.o(.bss)
    xTasksWaitingTermination                 0x200006b8   Data          20  tasks.o(.bss)
    xSuspendedTaskList                       0x200006cc   Data          20  tasks.o(.bss)
    .bss                                     0x200006e0   Section    15360  heap_4.o(.bss)
    ucHeap                                   0x200006e0   Data       15360  heap_4.o(.bss)
    .bss                                     0x200042e0   Section       96  libspace.o(.bss)
    HEAP                                     0x20004340   Section      512  startup_stm32f407xx.o(HEAP)
    Heap_Mem                                 0x20004340   Data         512  startup_stm32f407xx.o(HEAP)
    STACK                                    0x20004540   Section     1024  startup_stm32f407xx.o(STACK)
    Stack_Mem                                0x20004540   Data        1024  startup_stm32f407xx.o(STACK)
    __initial_sp                             0x20004940   Data           0  startup_stm32f407xx.o(STACK)

    Global Symbols

    Symbol Name                              Value     Ov Type        Size  Object(Section)

    BuildAttributes$$THM_ISAv4$E$P$D$K$B$S$7EM$VFPi3$EXTD16$VFPS$VFMA$PE$A:L22UL41UL21$X:L11$S22US41US21$IEEE1$IW$USESV6$~STKCKD$USESV7$~SHL$OTIME$ROPI$IEEEX$EBA8$UX$STANDARDLIB$REQ8$PRES8$EABIv2 0x00000000   Number         0  anon$$obj.o ABSOLUTE
    __ARM_use_no_argv                        0x00000000   Number         0  main.o ABSOLUTE
    __ARM_exceptions_init                     - Undefined Weak Reference
    __alloca_initialize                       - Undefined Weak Reference
    __arm_preinit_                            - Undefined Weak Reference
    __cpp_initialize__aeabi_                  - Undefined Weak Reference
    __cxa_finalize                            - Undefined Weak Reference
    __rt_locale                               - Undefined Weak Reference
    __sigvec_lookup                           - Undefined Weak Reference
    _atexit_init                              - Undefined Weak Reference
    _call_atexit_fns                          - Undefined Weak Reference
    _clock_init                               - Undefined Weak Reference
    _fp_trap_init                             - Undefined Weak Reference
    _fp_trap_shutdown                         - Undefined Weak Reference
    _get_lc_collate                           - Undefined Weak Reference
    _get_lc_ctype                             - Undefined Weak Reference
    _get_lc_monetary                          - Undefined Weak Reference
    _get_lc_numeric                           - Undefined Weak Reference
    _get_lc_time                              - Undefined Weak Reference
    _getenv_init                              - Undefined Weak Reference
    _handle_redirection                       - Undefined Weak Reference
    _init_alloc                               - Undefined Weak Reference
    _init_user_alloc                          - Undefined Weak Reference
    _initio                                   - Undefined Weak Reference
    _rand_init                                - Undefined Weak Reference
    _signal_finish                            - Undefined Weak Reference
    _signal_init                              - Undefined Weak Reference
    _terminate_alloc                          - Undefined Weak Reference
    _terminate_user_alloc                     - Undefined Weak Reference
    _terminateio                              - Undefined Weak Reference
    __Vectors_Size                           0x00000188   Number         0  startup_stm32f407xx.o ABSOLUTE
    __Vectors                                0x08000000   Data           4  startup_stm32f407xx.o(RESET)
    __Vectors_End                            0x08000188   Data           0  startup_stm32f407xx.o(RESET)
    __main                                   0x08000189   Thumb Code     8  __main.o(!!!main)
    __scatterload                            0x08000191   Thumb Code     0  __scatter.o(!!!scatter)
    __scatterload_rt2                        0x08000191   Thumb Code    44  __scatter.o(!!!scatter)
    __scatterload_rt2_thumb_only             0x08000191   Thumb Code     0  __scatter.o(!!!scatter)
    __scatterload_null                       0x0800019f   Thumb Code     0  __scatter.o(!!!scatter)
    __decompress                             0x080001c5   Thumb Code    90  __dczerorl2.o(!!dczerorl2)
    __decompress1                            0x080001c5   Thumb Code     0  __dczerorl2.o(!!dczerorl2)
    __scatterload_zeroinit                   0x08000221   Thumb Code    28  __scatter_zi.o(!!handler_zi)
    __rt_lib_init                            0x0800023d   Thumb Code     0  libinit.o(.ARM.Collect$$libinit$$00000000)
    __rt_lib_init_fp_1                       0x0800023f   Thumb Code     0  libinit2.o(.ARM.Collect$$libinit$$00000001)
    __rt_lib_init_alloca_1                   0x08000243   Thumb Code     0  libinit2.o(.ARM.Collect$$libinit$$0000002E)
    __rt_lib_init_argv_1                     0x08000243   Thumb Code     0  libinit2.o(.ARM.Collect$$libinit$$0000002C)
    __rt_lib_init_atexit_1                   0x08000243   Thumb Code     0  libinit2.o(.ARM.Collect$$libinit$$0000001B)
    __rt_lib_init_clock_1                    0x08000243   Thumb Code     0  libinit2.o(.ARM.Collect$$libinit$$00000021)
    __rt_lib_init_cpp_1                      0x08000243   Thumb Code     0  libinit2.o(.ARM.Collect$$libinit$$00000032)
    __rt_lib_init_exceptions_1               0x08000243   Thumb Code     0  libinit2.o(.ARM.Collect$$libinit$$00000030)
    __rt_lib_init_fp_trap_1                  0x08000243   Thumb Code     0  libinit2.o(.ARM.Collect$$libinit$$0000001F)
    __rt_lib_init_getenv_1                   0x08000243   Thumb Code     0  libinit2.o(.ARM.Collect$$libinit$$00000023)
    __rt_lib_init_heap_1                     0x08000243   Thumb Code     0  libinit2.o(.ARM.Collect$$libinit$$0000000A)
    __rt_lib_init_lc_collate_1               0x08000243   Thumb Code     0  libinit2.o(.ARM.Collect$$libinit$$00000011)
    __rt_lib_init_lc_ctype_1                 0x08000243   Thumb Code     0  libinit2.o(.ARM.Collect$$libinit$$00000013)
    __rt_lib_init_lc_monetary_1              0x08000243   Thumb Code     0  libinit2.o(.ARM.Collect$$libinit$$00000015)
    __rt_lib_init_lc_numeric_1               0x08000243   Thumb Code     0  libinit2.o(.ARM.Collect$$libinit$$00000017)
    __rt_lib_init_lc_time_1                  0x08000243   Thumb Code     0  libinit2.o(.ARM.Collect$$libinit$$00000019)
    __rt_lib_init_preinit_1                  0x08000243   Thumb Code     0  libinit2.o(.ARM.Collect$$libinit$$00000004)
    __rt_lib_init_rand_1                     0x08000243   Thumb Code     0  libinit2.o(.ARM.Collect$$libinit$$0000000E)
    __rt_lib_init_return                     0x08000243   Thumb Code     0  libinit2.o(.ARM.Collect$$libinit$$00000033)
    __rt_lib_init_signal_1                   0x08000243   Thumb Code     0  libinit2.o(.ARM.Collect$$libinit$$0000001D)
    __rt_lib_init_stdio_1                    0x08000243   Thumb Code     0  libinit2.o(.ARM.Collect$$libinit$$00000025)
    __rt_lib_init_user_alloc_1               0x08000243   Thumb Code     0  libinit2.o(.ARM.Collect$$libinit$$0000000C)
    __rt_lib_shutdown                        0x08000245   Thumb Code     0  libshutdown.o(.ARM.Collect$$libshutdown$$00000000)
    __rt_lib_shutdown_cpp_1                  0x08000247   Thumb Code     0  libshutdown2.o(.ARM.Collect$$libshutdown$$00000002)
    __rt_lib_shutdown_fp_trap_1              0x08000247   Thumb Code     0  libshutdown2.o(.ARM.Collect$$libshutdown$$00000007)
    __rt_lib_shutdown_heap_1                 0x08000247   Thumb Code     0  libshutdown2.o(.ARM.Collect$$libshutdown$$0000000F)
    __rt_lib_shutdown_return                 0x08000247   Thumb Code     0  libshutdown2.o(.ARM.Collect$$libshutdown$$00000010)
    __rt_lib_shutdown_signal_1               0x08000247   Thumb Code     0  libshutdown2.o(.ARM.Collect$$libshutdown$$0000000A)
    __rt_lib_shutdown_stdio_1                0x08000247   Thumb Code     0  libshutdown2.o(.ARM.Collect$$libshutdown$$00000004)
    __rt_lib_shutdown_user_alloc_1           0x08000247   Thumb Code     0  libshutdown2.o(.ARM.Collect$$libshutdown$$0000000C)
    __rt_entry                               0x08000249   Thumb Code     0  __rtentry.o(.ARM.Collect$$rtentry$$00000000)
    __rt_entry_presh_1                       0x08000249   Thumb Code     0  __rtentry2.o(.ARM.Collect$$rtentry$$00000002)
    __rt_entry_sh                            0x08000249   Thumb Code     0  __rtentry4.o(.ARM.Collect$$rtentry$$00000004)
    __rt_entry_li                            0x0800024f   Thumb Code     0  __rtentry2.o(.ARM.Collect$$rtentry$$0000000A)
    __rt_entry_postsh_1                      0x0800024f   Thumb Code     0  __rtentry2.o(.ARM.Collect$$rtentry$$00000009)
    __rt_entry_main                          0x08000253   Thumb Code     0  __rtentry2.o(.ARM.Collect$$rtentry$$0000000D)
    __rt_entry_postli_1                      0x08000253   Thumb Code     0  __rtentry2.o(.ARM.Collect$$rtentry$$0000000C)
    __rt_exit                                0x0800025b   Thumb Code     0  rtexit.o(.ARM.Collect$$rtexit$$00000000)
    __rt_exit_ls                             0x0800025d   Thumb Code     0  rtexit2.o(.ARM.Collect$$rtexit$$00000003)
    __rt_exit_prels_1                        0x0800025d   Thumb Code     0  rtexit2.o(.ARM.Collect$$rtexit$$00000002)
    __rt_exit_exit                           0x08000261   Thumb Code     0  rtexit2.o(.ARM.Collect$$rtexit$$00000004)
    SVC_Handler                              0x08000269   Thumb Code    28  port.o(.emb_text)
    __asm___6_port_c_39a90d8d__prvStartFirstTask 0x08000289   Thumb Code    36  port.o(.emb_text)
    __asm___6_port_c_39a90d8d__prvEnableVFP  0x080002b1   Thumb Code    16  port.o(.emb_text)
    PendSV_Handler                           0x080002c5   Thumb Code    88  port.o(.emb_text)
    vPortGetIPSR                             0x08000321   Thumb Code     6  port.o(.emb_text)
    Reset_Handler                            0x08000329   Thumb Code     8  startup_stm32f407xx.o(.text)
    ADC_IRQHandler                           0x08000343   Thumb Code     0  startup_stm32f407xx.o(.text)
    CAN1_RX0_IRQHandler                      0x08000343   Thumb Code     0  startup_stm32f407xx.o(.text)
    CAN1_RX1_IRQHandler                      0x08000343   Thumb Code     0  startup_stm32f407xx.o(.text)
    CAN1_SCE_IRQHandler                      0x08000343   Thumb Code     0  startup_stm32f407xx.o(.text)
    CAN1_TX_IRQHandler                       0x08000343   Thumb Code     0  startup_stm32f407xx.o(.text)
    CAN2_RX0_IRQHandler                      0x08000343   Thumb Code     0  startup_stm32f407xx.o(.text)
    CAN2_RX1_IRQHandler                      0x08000343   Thumb Code     0  startup_stm32f407xx.o(.text)
    CAN2_SCE_IRQHandler                      0x08000343   Thumb Code     0  startup_stm32f407xx.o(.text)
    CAN2_TX_IRQHandler                       0x08000343   Thumb Code     0  startup_stm32f407xx.o(.text)
    DCMI_IRQHandler                          0x08000343   Thumb Code     0  startup_stm32f407xx.o(.text)
    DMA1_Stream0_IRQHandler                  0x08000343   Thumb Code     0  startup_stm32f407xx.o(.text)
    DMA1_Stream1_IRQHandler                  0x08000343   Thumb Code     0  startup_stm32f407xx.o(.text)
    DMA1_Stream2_IRQHandler                  0x08000343   Thumb Code     0  startup_stm32f407xx.o(.text)
    DMA1_Stream3_IRQHandler                  0x08000343   Thumb Code     0  startup_stm32f407xx.o(.text)
    DMA1_Stream4_IRQHandler                  0x08000343   Thumb Code     0  startup_stm32f407xx.o(.text)
    DMA1_Stream5_IRQHandler                  0x08000343   Thumb Code     0  startup_stm32f407xx.o(.text)
    DMA1_Stream6_IRQHandler                  0x08000343   Thumb Code     0  startup_stm32f407xx.o(.text)
    DMA1_Stream7_IRQHandler                  0x08000343   Thumb Code     0  startup_stm32f407xx.o(.text)
    DMA2_Stream0_IRQHandler                  0x08000343   Thumb Code     0  startup_stm32f407xx.o(.text)
    DMA2_Stream1_IRQHandler                  0x08000343   Thumb Code     0  startup_stm32f407xx.o(.text)
    DMA2_Stream4_IRQHandler                  0x08000343   Thumb Code     0  startup_stm32f407xx.o(.text)
    DMA2_Stream5_IRQHandler                  0x08000343   Thumb Code     0  startup_stm32f407xx.o(.text)
    DMA2_Stream6_IRQHandler                  0x08000343   Thumb Code     0  startup_stm32f407xx.o(.text)
    DMA2_Stream7_IRQHandler                  0x08000343   Thumb Code     0  startup_stm32f407xx.o(.text)
    ETH_IRQHandler                           0x08000343   Thumb Code     0  startup_stm32f407xx.o(.text)
    ETH_WKUP_IRQHandler                      0x08000343   Thumb Code     0  startup_stm32f407xx.o(.text)
    EXTI15_10_IRQHandler                     0x08000343   Thumb Code     0  startup_stm32f407xx.o(.text)
    EXTI1_IRQHandler                         0x08000343   Thumb Code     0  startup_stm32f407xx.o(.text)
    EXTI2_IRQHandler                         0x08000343   Thumb Code     0  startup_stm32f407xx.o(.text)
    EXTI3_IRQHandler                         0x08000343   Thumb Code     0  startup_stm32f407xx.o(.text)
    FLASH_IRQHandler                         0x08000343   Thumb Code     0  startup_stm32f407xx.o(.text)
    FMC_IRQHandler                           0x08000343   Thumb Code     0  startup_stm32f407xx.o(.text)
    FPU_IRQHandler                           0x08000343   Thumb Code     0  startup_stm32f407xx.o(.text)
    HASH_RNG_IRQHandler                      0x08000343   Thumb Code     0  startup_stm32f407xx.o(.text)
    I2C1_ER_IRQHandler                       0x08000343   Thumb Code     0  startup_stm32f407xx.o(.text)
    I2C1_EV_IRQHandler                       0x08000343   Thumb Code     0  startup_stm32f407xx.o(.text)
    I2C2_ER_IRQHandler                       0x08000343   Thumb Code     0  startup_stm32f407xx.o(.text)
    I2C2_EV_IRQHandler                       0x08000343   Thumb Code     0  startup_stm32f407xx.o(.text)
    I2C3_ER_IRQHandler                       0x08000343   Thumb Code     0  startup_stm32f407xx.o(.text)
    I2C3_EV_IRQHandler                       0x08000343   Thumb Code     0  startup_stm32f407xx.o(.text)
    OTG_FS_IRQHandler                        0x08000343   Thumb Code     0  startup_stm32f407xx.o(.text)
    OTG_FS_WKUP_IRQHandler                   0x08000343   Thumb Code     0  startup_stm32f407xx.o(.text)
    OTG_HS_EP1_IN_IRQHandler                 0x08000343   Thumb Code     0  startup_stm32f407xx.o(.text)
    OTG_HS_EP1_OUT_IRQHandler                0x08000343   Thumb Code     0  startup_stm32f407xx.o(.text)
    OTG_HS_IRQHandler                        0x08000343   Thumb Code     0  startup_stm32f407xx.o(.text)
    OTG_HS_WKUP_IRQHandler                   0x08000343   Thumb Code     0  startup_stm32f407xx.o(.text)
    PVD_IRQHandler                           0x08000343   Thumb Code     0  startup_stm32f407xx.o(.text)
    RCC_IRQHandler                           0x08000343   Thumb Code     0  startup_stm32f407xx.o(.text)
    RTC_Alarm_IRQHandler                     0x08000343   Thumb Code     0  startup_stm32f407xx.o(.text)
    RTC_WKUP_IRQHandler                      0x08000343   Thumb Code     0  startup_stm32f407xx.o(.text)
    SDIO_IRQHandler                          0x08000343   Thumb Code     0  startup_stm32f407xx.o(.text)
    SPI1_IRQHandler                          0x08000343   Thumb Code     0  startup_stm32f407xx.o(.text)
    SPI2_IRQHandler                          0x08000343   Thumb Code     0  startup_stm32f407xx.o(.text)
    SPI3_IRQHandler                          0x08000343   Thumb Code     0  startup_stm32f407xx.o(.text)
    TAMP_STAMP_IRQHandler                    0x08000343   Thumb Code     0  startup_stm32f407xx.o(.text)
    TIM1_BRK_TIM9_IRQHandler                 0x08000343   Thumb Code     0  startup_stm32f407xx.o(.text)
    TIM1_CC_IRQHandler                       0x08000343   Thumb Code     0  startup_stm32f407xx.o(.text)
    TIM1_TRG_COM_TIM11_IRQHandler            0x08000343   Thumb Code     0  startup_stm32f407xx.o(.text)
    TIM1_UP_TIM10_IRQHandler                 0x08000343   Thumb Code     0  startup_stm32f407xx.o(.text)
    TIM2_IRQHandler                          0x08000343   Thumb Code     0  startup_stm32f407xx.o(.text)
    TIM3_IRQHandler                          0x08000343   Thumb Code     0  startup_stm32f407xx.o(.text)
    TIM4_IRQHandler                          0x08000343   Thumb Code     0  startup_stm32f407xx.o(.text)
    TIM5_IRQHandler                          0x08000343   Thumb Code     0  startup_stm32f407xx.o(.text)
    TIM6_DAC_IRQHandler                      0x08000343   Thumb Code     0  startup_stm32f407xx.o(.text)
    TIM7_IRQHandler                          0x08000343   Thumb Code     0  startup_stm32f407xx.o(.text)
    TIM8_BRK_TIM12_IRQHandler                0x08000343   Thumb Code     0  startup_stm32f407xx.o(.text)
    TIM8_CC_IRQHandler                       0x08000343   Thumb Code     0  startup_stm32f407xx.o(.text)
    TIM8_TRG_COM_TIM14_IRQHandler            0x08000343   Thumb Code     0  startup_stm32f407xx.o(.text)
    TIM8_UP_TIM13_IRQHandler                 0x08000343   Thumb Code     0  startup_stm32f407xx.o(.text)
    UART4_IRQHandler                         0x08000343   Thumb Code     0  startup_stm32f407xx.o(.text)
    UART5_IRQHandler                         0x08000343   Thumb Code     0  startup_stm32f407xx.o(.text)
    USART1_IRQHandler                        0x08000343   Thumb Code     0  startup_stm32f407xx.o(.text)
    USART2_IRQHandler                        0x08000343   Thumb Code     0  startup_stm32f407xx.o(.text)
    USART3_IRQHandler                        0x08000343   Thumb Code     0  startup_stm32f407xx.o(.text)
    USART6_IRQHandler                        0x08000343   Thumb Code     0  startup_stm32f407xx.o(.text)
    WWDG_IRQHandler                          0x08000343   Thumb Code     0  startup_stm32f407xx.o(.text)
    __user_initial_stackheap                 0x08000345   Thumb Code     0  startup_stm32f407xx.o(.text)
    __aeabi_uldivmod                         0x08000369   Thumb Code     0  lludivv7m.o(.text)
    _ll_udiv                                 0x08000369   Thumb Code   238  lludivv7m.o(.text)
    strlen                                   0x08000457   Thumb Code    62  strlen.o(.text)
    __aeabi_memcpy4                          0x08000495   Thumb Code     0  rt_memcpy_w.o(.text)
    __aeabi_memcpy8                          0x08000495   Thumb Code     0  rt_memcpy_w.o(.text)
    __rt_memcpy_w                            0x08000495   Thumb Code   100  rt_memcpy_w.o(.text)
    _memcpy_lastbytes_aligned                0x080004dd   Thumb Code     0  rt_memcpy_w.o(.text)
    __aeabi_memclr4                          0x080004f9   Thumb Code     0  rt_memclr_w.o(.text)
    __aeabi_memclr8                          0x080004f9   Thumb Code     0  rt_memclr_w.o(.text)
    __rt_memclr_w                            0x080004f9   Thumb Code    78  rt_memclr_w.o(.text)
    _memset_w                                0x080004fd   Thumb Code     0  rt_memclr_w.o(.text)
    __use_two_region_memory                  0x08000547   Thumb Code     2  heapauxi.o(.text)
    __rt_heap_escrow$2region                 0x08000549   Thumb Code     2  heapauxi.o(.text)
    __rt_heap_expand$2region                 0x0800054b   Thumb Code     2  heapauxi.o(.text)
    __read_errno                             0x0800054d   Thumb Code    10  _rserrno.o(.text)
    __set_errno                              0x08000557   Thumb Code    12  _rserrno.o(.text)
    __aeabi_errno_addr                       0x08000565   Thumb Code     8  rt_errno_addr_intlibspace.o(.text)
    __errno$intlibspace                      0x08000565   Thumb Code     0  rt_errno_addr_intlibspace.o(.text)
    __rt_errno_addr$intlibspace              0x08000565   Thumb Code     0  rt_errno_addr_intlibspace.o(.text)
    __user_libspace                          0x0800056d   Thumb Code     8  libspace.o(.text)
    __user_perproc_libspace                  0x0800056d   Thumb Code     0  libspace.o(.text)
    __user_perthread_libspace                0x0800056d   Thumb Code     0  libspace.o(.text)
    __user_setup_stackheap                   0x08000575   Thumb Code    74  sys_stackheap_outer.o(.text)
    exit                                     0x080005bf   Thumb Code    18  exit.o(.text)
    _sys_exit                                0x080005d1   Thumb Code     8  sys_exit.o(.text)
    __I$use$semihosting                      0x080005dd   Thumb Code     0  use_no_semi.o(.text)
    __use_no_semihosting_swi                 0x080005dd   Thumb Code     2  use_no_semi.o(.text)
    __semihosting_library_function           0x080005df   Thumb Code     0  indicate_semi.o(.text)
    AHRS_init                                0x080005e1   Thumb Code    34  ins_task.o(i.AHRS_init)
    BMI088_ACCEL_NS_H                        0x08000609   Thumb Code    14  bmi088middleware.o(i.BMI088_ACCEL_NS_H)
    BMI088_ACCEL_NS_L                        0x0800061d   Thumb Code    14  bmi088middleware.o(i.BMI088_ACCEL_NS_L)
    BMI088_GPIO_init                         0x08000631   Thumb Code     2  bmi088middleware.o(i.BMI088_GPIO_init)
    BMI088_GYRO_NS_H                         0x08000635   Thumb Code    14  bmi088middleware.o(i.BMI088_GYRO_NS_H)
    BMI088_GYRO_NS_L                         0x08000649   Thumb Code    14  bmi088middleware.o(i.BMI088_GYRO_NS_L)
    BMI088_accel_read_over                   0x0800065d   Thumb Code   134  bmi088driver.o(i.BMI088_accel_read_over)
    BMI088_com_init                          0x080006ed   Thumb Code     2  bmi088middleware.o(i.BMI088_com_init)
    BMI088_delay_ms                          0x080006ef   Thumb Code    12  bmi088middleware.o(i.BMI088_delay_ms)
    BMI088_delay_us                          0x080006fb   Thumb Code    12  bmi088middleware.o(i.BMI088_delay_us)
    BMI088_gyro_read_over                    0x08000709   Thumb Code    98  bmi088driver.o(i.BMI088_gyro_read_over)
    BMI088_init                              0x08000771   Thumb Code    52  bmi088driver.o(i.BMI088_init)
    BMI088_read                              0x080007a5   Thumb Code   372  bmi088driver.o(i.BMI088_read)
    BMI088_read_write_byte                   0x08000961   Thumb Code    28  bmi088middleware.o(i.BMI088_read_write_byte)
    BMI088_temperature_read_over             0x08000981   Thumb Code    52  bmi088driver.o(i.BMI088_temperature_read_over)
    BusFault_Handler                         0x080009c9   Thumb Code     4  stm32f4xx_it.o(i.BusFault_Handler)
    DMA2_Stream2_IRQHandler                  0x080009cd   Thumb Code   178  ins_task.o(i.DMA2_Stream2_IRQHandler)
    DMA2_Stream3_IRQHandler                  0x08000a9d   Thumb Code    10  stm32f4xx_it.o(i.DMA2_Stream3_IRQHandler)
    DebugMon_Handler                         0x08000b8b   Thumb Code     2  stm32f4xx_it.o(i.DebugMon_Handler)
    EXTI0_IRQHandler                         0x08000b8d   Thumb Code    10  stm32f4xx_it.o(i.EXTI0_IRQHandler)
    EXTI4_IRQHandler                         0x08000b97   Thumb Code    10  stm32f4xx_it.o(i.EXTI4_IRQHandler)
    EXTI9_5_IRQHandler                       0x08000ba1   Thumb Code    10  stm32f4xx_it.o(i.EXTI9_5_IRQHandler)
    Error_Handler                            0x08000bab   Thumb Code     6  main.o(i.Error_Handler)
    HAL_DMA_IRQHandler                       0x08000bb1   Thumb Code   570  stm32f4xx_hal_dma.o(i.HAL_DMA_IRQHandler)
    HAL_DMA_Init                             0x08000df1   Thumb Code   232  stm32f4xx_hal_dma.o(i.HAL_DMA_Init)
    HAL_GPIO_EXTI_Callback                   0x08000edd   Thumb Code   116  ins_task.o(i.HAL_GPIO_EXTI_Callback)
    HAL_GPIO_EXTI_IRQHandler                 0x08000f6d   Thumb Code    24  stm32f4xx_hal_gpio.o(i.HAL_GPIO_EXTI_IRQHandler)
    HAL_GPIO_Init                            0x08000f89   Thumb Code   466  stm32f4xx_hal_gpio.o(i.HAL_GPIO_Init)
    HAL_GPIO_WritePin                        0x08001189   Thumb Code    12  stm32f4xx_hal_gpio.o(i.HAL_GPIO_WritePin)
    HAL_GetTick                              0x08001195   Thumb Code     6  stm32f4xx_hal.o(i.HAL_GetTick)
    HAL_IncTick                              0x080011a1   Thumb Code    16  stm32f4xx_hal.o(i.HAL_IncTick)
    HAL_Init                                 0x080011b9   Thumb Code    54  stm32f4xx_hal.o(i.HAL_Init)
    HAL_InitTick                             0x080011f5   Thumb Code    64  stm32f4xx_hal.o(i.HAL_InitTick)
    HAL_MspInit                              0x08001241   Thumb Code    78  stm32f4xx_hal_msp.o(i.HAL_MspInit)
    HAL_NVIC_EnableIRQ                       0x08001295   Thumb Code    32  stm32f4xx_hal_cortex.o(i.HAL_NVIC_EnableIRQ)
    HAL_NVIC_SetPriority                     0x080012b5   Thumb Code   124  stm32f4xx_hal_cortex.o(i.HAL_NVIC_SetPriority)
    HAL_NVIC_SetPriorityGrouping             0x08001331   Thumb Code    32  stm32f4xx_hal_cortex.o(i.HAL_NVIC_SetPriorityGrouping)
    HAL_RCC_ClockConfig                      0x08001359   Thumb Code   366  stm32f4xx_hal_rcc.o(i.HAL_RCC_ClockConfig)
    HAL_RCC_GetSysClockFreq                  0x080014d9   Thumb Code   162  stm32f4xx_hal_rcc.o(i.HAL_RCC_GetSysClockFreq)
    HAL_RCC_OscConfig                        0x08001589   Thumb Code  1086  stm32f4xx_hal_rcc.o(i.HAL_RCC_OscConfig)
    HAL_SPI_Init                             0x080019d1   Thumb Code   140  stm32f4xx_hal_spi.o(i.HAL_SPI_Init)
    HAL_SPI_MspInit                          0x08001a5d   Thumb Code   316  spi.o(i.HAL_SPI_MspInit)
    HAL_SPI_TransmitReceive                  0x08001bb5   Thumb Code   554  stm32f4xx_hal_spi.o(i.HAL_SPI_TransmitReceive)
    HAL_SYSTICK_Config                       0x08001ddf   Thumb Code    52  stm32f4xx_hal_cortex.o(i.HAL_SYSTICK_Config)
    HAL_TIM_Base_Init                        0x08001e13   Thumb Code    52  stm32f4xx_hal_tim.o(i.HAL_TIM_Base_Init)
    HAL_TIM_Base_MspInit                     0x08001e49   Thumb Code    44  tim.o(i.HAL_TIM_Base_MspInit)
    HAL_TIM_MspPostInit                      0x08001e7d   Thumb Code    86  tim.o(i.HAL_TIM_MspPostInit)
    HAL_TIM_PWM_ConfigChannel                0x08001ee1   Thumb Code   264  stm32f4xx_hal_tim.o(i.HAL_TIM_PWM_ConfigChannel)
    HAL_TIM_PWM_Init                         0x08001fe9   Thumb Code    52  stm32f4xx_hal_tim.o(i.HAL_TIM_PWM_Init)
    HAL_TIM_PWM_MspInit                      0x0800201d   Thumb Code     2  stm32f4xx_hal_tim.o(i.HAL_TIM_PWM_MspInit)
    HAL_TIM_PWM_Start                        0x08002021   Thumb Code    80  stm32f4xx_hal_tim.o(i.HAL_TIM_PWM_Start)
    HardFault_Handler                        0x08002079   Thumb Code     4  stm32f4xx_it.o(i.HardFault_Handler)
    INS_task                                 0x0800207d   Thumb Code   638  ins_task.o(i.INS_task)
    MX_DMA_Init                              0x0800235d   Thumb Code    68  dma.o(i.MX_DMA_Init)
    MX_FREERTOS_Init                         0x080023a5   Thumb Code    54  freertos.o(i.MX_FREERTOS_Init)
    MX_GPIO_Init                             0x080023e9   Thumb Code   372  gpio.o(i.MX_GPIO_Init)
    MX_SPI1_Init                             0x08002575   Thumb Code    62  spi.o(i.MX_SPI1_Init)
    MX_TIM10_Init                            0x080025bd   Thumb Code   100  tim.o(i.MX_TIM10_Init)
    MahonyAHRSupdateIMU                      0x08002629   Thumb Code   730  ins_task.o(i.MahonyAHRSupdateIMU)
    MemManage_Handler                        0x08002925   Thumb Code     4  stm32f4xx_it.o(i.MemManage_Handler)
    NMI_Handler                              0x08002929   Thumb Code     4  stm32f4xx_it.o(i.NMI_Handler)
    PID_calc                                 0x0800292d   Thumb Code   492  pid.o(i.PID_calc)
    PID_init                                 0x08002b1d   Thumb Code    92  pid.o(i.PID_init)
    SPI1_DMA_enable                          0x08002b7d   Thumb Code   312  bsp_spi.o(i.SPI1_DMA_enable)
    SPI1_DMA_init                            0x08002cc5   Thumb Code   360  bsp_spi.o(i.SPI1_DMA_init)
    StartDefaultTask                         0x08002f15   Thumb Code    10  freertos.o(i.StartDefaultTask)
    SysTick_Handler                          0x08002f1f   Thumb Code    20  stm32f4xx_it.o(i.SysTick_Handler)
    SystemClock_Config                       0x08002f35   Thumb Code   172  main.o(i.SystemClock_Config)
    SystemInit                               0x08002fe9   Thumb Code    82  system_stm32f4xx.o(i.SystemInit)
    TIM_Base_SetConfig                       0x0800304d   Thumb Code   170  stm32f4xx_hal_tim.o(i.TIM_Base_SetConfig)
    TIM_CCxChannelCmd                        0x08003125   Thumb Code    34  stm32f4xx_hal_tim.o(i.TIM_CCxChannelCmd)
    TIM_OC2_SetConfig                        0x080031b9   Thumb Code   114  stm32f4xx_hal_tim.o(i.TIM_OC2_SetConfig)
    UsageFault_Handler                       0x08003301   Thumb Code     4  stm32f4xx_it.o(i.UsageFault_Handler)
    __ARM_fpclassifyf                        0x08003305   Thumb Code    38  fpclassifyf.o(i.__ARM_fpclassifyf)
    __hardfp_asinf                           0x08003365   Thumb Code   258  asinf.o(i.__hardfp_asinf)
    __hardfp_atan2f                          0x08003491   Thumb Code   502  atan2f.o(i.__hardfp_atan2f)
    __mathlib_flt_infnan                     0x080036e1   Thumb Code     6  funder.o(i.__mathlib_flt_infnan)
    __mathlib_flt_infnan2                    0x080036e7   Thumb Code     6  funder.o(i.__mathlib_flt_infnan2)
    __mathlib_flt_invalid                    0x080036ed   Thumb Code    10  funder.o(i.__mathlib_flt_invalid)
    __mathlib_flt_underflow                  0x080036fd   Thumb Code    10  funder.o(i.__mathlib_flt_underflow)
    bmi088_accel_init                        0x0800370d   Thumb Code   302  bmi088driver.o(i.bmi088_accel_init)
    bmi088_accel_self_test                   0x08003841   Thumb Code   768  bmi088driver.o(i.bmi088_accel_self_test)
    bmi088_gyro_init                         0x08003b49   Thumb Code   238  bmi088driver.o(i.bmi088_gyro_init)
    bmi088_gyro_self_test                    0x08003c3d   Thumb Code   208  bmi088driver.o(i.bmi088_gyro_self_test)
    delay_init                               0x08003d0d   Thumb Code    32  bsp_delay.o(i.delay_init)
    delay_us                                 0x08003d3d   Thumb Code    76  bsp_delay.o(i.delay_us)
    get_angle                                0x08003d8d   Thumb Code   324  ins_task.o(i.get_angle)
    imu_pwm_set                              0x0800410d   Thumb Code     8  bsp_imu_pwm.o(i.imu_pwm_set)
    invSqrt                                  0x080041bd   Thumb Code    56  ins_task.o(i.invSqrt)
    main                                     0x080041f9   Thumb Code    48  main.o(i.main)
    osDelay                                  0x0800423b   Thumb Code    24  cmsis_os.o(i.osDelay)
    osKernelStart                            0x08004253   Thumb Code    10  cmsis_os.o(i.osKernelStart)
    osThreadCreate                           0x0800425d   Thumb Code    94  cmsis_os.o(i.osThreadCreate)
    pcTaskGetName                            0x080042bd   Thumb Code    44  tasks.o(i.pcTaskGetName)
    pvPortMalloc                             0x08004805   Thumb Code   296  heap_4.o(i.pvPortMalloc)
    pxPortInitialiseStack                    0x08004941   Thumb Code    38  port.o(i.pxPortInitialiseStack)
    sqrtf                                    0x0800496d   Thumb Code    62  sqrtf.o(i.sqrtf)
    ulTaskNotifyTake                         0x080049ad   Thumb Code   108  tasks.o(i.ulTaskNotifyTake)
    uxListRemove                             0x08004a21   Thumb Code    40  list.o(i.uxListRemove)
    vApplicationGetIdleTaskMemory            0x08004a49   Thumb Code    14  freertos.o(i.vApplicationGetIdleTaskMemory)
    vListInitialise                          0x08004a61   Thumb Code    26  list.o(i.vListInitialise)
    vListInitialiseItem                      0x08004a7b   Thumb Code     6  list.o(i.vListInitialiseItem)
    vListInsert                              0x08004a81   Thumb Code    52  list.o(i.vListInsert)
    vListInsertEnd                           0x08004ab5   Thumb Code    24  list.o(i.vListInsertEnd)
    vPortEnterCritical                       0x08004acd   Thumb Code    76  port.o(i.vPortEnterCritical)
    vPortExitCritical                        0x08004b21   Thumb Code    56  port.o(i.vPortExitCritical)
    vPortFree                                0x08004b5d   Thumb Code   140  heap_4.o(i.vPortFree)
    vPortSetupTimerInterrupt                 0x08004bf1   Thumb Code    36  port.o(i.vPortSetupTimerInterrupt)
    vPortValidateInterruptPriority           0x08004c19   Thumb Code   106  port.o(i.vPortValidateInterruptPriority)
    vTaskDelay                               0x08004c91   Thumb Code    82  tasks.o(i.vTaskDelay)
    vTaskNotifyGiveFromISR                   0x08004ced   Thumb Code   216  tasks.o(i.vTaskNotifyGiveFromISR)
    vTaskStartScheduler                      0x08004ddd   Thumb Code   146  tasks.o(i.vTaskStartScheduler)
    vTaskSuspendAll                          0x08004e8d   Thumb Code    12  tasks.o(i.vTaskSuspendAll)
    vTaskSwitchContext                       0x08004e9d   Thumb Code   118  tasks.o(i.vTaskSwitchContext)
    xPortStartScheduler                      0x08004f29   Thumb Code   330  port.o(i.xPortStartScheduler)
    xPortSysTickHandler                      0x08005091   Thumb Code    46  port.o(i.xPortSysTickHandler)
    xTaskCreate                              0x080050c5   Thumb Code   100  tasks.o(i.xTaskCreate)
    xTaskCreateStatic                        0x08005129   Thumb Code   184  tasks.o(i.xTaskCreateStatic)
    xTaskGetHandle                           0x080051e1   Thumb Code   142  tasks.o(i.xTaskGetHandle)
    xTaskGetSchedulerState                   0x08005285   Thumb Code    24  tasks.o(i.xTaskGetSchedulerState)
    xTaskIncrementTick                       0x080052a5   Thumb Code   282  tasks.o(i.xTaskIncrementTick)
    xTaskResumeAll                           0x080053ed   Thumb Code   224  tasks.o(i.xTaskResumeAll)
    __aeabi_d2f                              0x080054f1   Thumb Code     0  d2f.o(x$fpl$d2f)
    _d2f                                     0x080054f1   Thumb Code    98  d2f.o(x$fpl$d2f)
    __aeabi_dmul                             0x08005555   Thumb Code     0  dmul.o(x$fpl$dmul)
    _dmul                                    0x08005555   Thumb Code   332  dmul.o(x$fpl$dmul)
    __fpl_dnaninf                            0x080056a9   Thumb Code   156  dnaninf.o(x$fpl$dnaninf)
    __fpl_dretinf                            0x08005745   Thumb Code    12  dretinf.o(x$fpl$dretinf)
    __aeabi_f2d                              0x08005751   Thumb Code     0  f2d.o(x$fpl$f2d)
    _f2d                                     0x08005751   Thumb Code    86  f2d.o(x$fpl$f2d)
    __fpl_fnaninf                            0x080057a7   Thumb Code   140  fnaninf.o(x$fpl$fnaninf)
    _fp_init                                 0x08005833   Thumb Code    10  fpinit.o(x$fpl$fpinit)
    __fplib_config_fpu_vfp                   0x0800583b   Thumb Code     0  fpinit.o(x$fpl$fpinit)
    __fplib_config_pureend_doubles           0x0800583b   Thumb Code     0  fpinit.o(x$fpl$fpinit)
    __fpl_fretinf                            0x0800583d   Thumb Code    10  fretinf.o(x$fpl$fretinf)
    __I$use$fp                               0x08005846   Number         0  usenofp.o(x$fpl$usenofp)
    AHBPrescTable                            0x080058b0   Data          16  system_stm32f4xx.o(.constdata)
    APBPrescTable                            0x080058c0   Data           8  system_stm32f4xx.o(.constdata)
    Region$$Table$$Base                      0x080058dc   Number         0  anon$$obj.o(Region$$Table)
    Region$$Table$$Limit                     0x080058fc   Number         0  anon$$obj.o(Region$$Table)
    BMI088_ACCEL_SEN                         0x20000000   Data           4  bmi088driver.o(.data)
    BMI088_GYRO_SEN                          0x20000004   Data           4  bmi088driver.o(.data)
    cn1                                      0x2000002c   Data           1  bmi088driver.o(.data)
    gyro_dma_rx_buf                          0x20000034   Data           8  ins_task.o(.data)
    gyro_dma_tx_buf                          0x2000003c   Data           8  ins_task.o(.data)
    accel_dma_tx_buf                         0x20000044   Data           9  ins_task.o(.data)
    accel_temp_dma_rx_buf                    0x2000004d   Data           4  ins_task.o(.data)
    accel_temp_dma_tx_buf                    0x20000051   Data           4  ins_task.o(.data)
    gyro_update_flag                         0x20000055   Data           1  ins_task.o(.data)
    accel_update_flag                        0x20000056   Data           1  ins_task.o(.data)
    accel_temp_update_flag                   0x20000057   Data           1  ins_task.o(.data)
    imu_start_dma_flag                       0x20000058   Data           1  ins_task.o(.data)
    gyro_scale_factor                        0x2000005c   Data          36  ins_task.o(.data)
    accel_scale_factor                       0x20000080   Data          36  ins_task.o(.data)
    twoKp                                    0x200000b4   Data           4  ins_task.o(.data)
    twoKi                                    0x200000b8   Data           4  ins_task.o(.data)
    integralFBx                              0x200000bc   Data           4  ins_task.o(.data)
    integralFBy                              0x200000c0   Data           4  ins_task.o(.data)
    integralFBz                              0x200000c4   Data           4  ins_task.o(.data)
    imuTaskHandle                            0x200000d8   Data           4  freertos.o(.data)
    defaultTaskHandle                        0x200000dc   Data           4  freertos.o(.data)
    uwTick                                   0x200000e0   Data           4  stm32f4xx_hal.o(.data)
    uwTickPrio                               0x200000e4   Data           4  stm32f4xx_hal.o(.data)
    uwTickFreq                               0x200000e8   Data           1  stm32f4xx_hal.o(.data)
    SystemCoreClock                          0x200000ec   Data           4  system_stm32f4xx.o(.data)
    pxCurrentTCB                             0x200000f0   Data           4  tasks.o(.data)
    accel_dma_rx_buf                         0x20000150   Data           9  ins_task.o(.bss)
    bmi088_real_data                         0x2000015c   Data          36  ins_task.o(.bss)
    accel_offset                             0x20000180   Data          12  ins_task.o(.bss)
    imu_temp_pid                             0x2000018c   Data          72  ins_task.o(.bss)
    ins_angle_degree                         0x200001f8   Data          12  ins_task.o(.bss)
    INS_gyro                                 0x20000204   Data          12  ins_task.o(.bss)
    INS_accel                                0x20000210   Data          12  ins_task.o(.bss)
    INS_mag                                  0x2000021c   Data          12  ins_task.o(.bss)
    INS_quat                                 0x20000228   Data          16  ins_task.o(.bss)
    INS_angle                                0x20000238   Data          12  ins_task.o(.bss)
    hspi1                                    0x20000498   Data          88  spi.o(.bss)
    hdma_spi1_rx                             0x200004f0   Data          96  spi.o(.bss)
    hdma_spi1_tx                             0x20000550   Data          96  spi.o(.bss)
    htim10                                   0x200005b0   Data          64  tim.o(.bss)
    __libspace_start                         0x200042e0   Data          96  libspace.o(.bss)
    __temporary_stack_top$libspace           0x20004340   Data           0  libspace.o(.bss)



==============================================================================

Memory Map of the image

  Image Entry point : 0x08000189

  Load Region LR_IROM1 (Base: 0x08000000, Size: 0x00005a4c, Max: 0x00100000, ABSOLUTE, COMPRESSED[0x00005964])

    Execution Region ER_IROM1 (Exec base: 0x08000000, Load base: 0x08000000, Size: 0x000058fc, Max: 0x00100000, ABSOLUTE)

    Exec Addr    Load Addr    Size         Type   Attr      Idx    E Section Name        Object

    0x08000000   0x08000000   0x00000188   Data   RO            3    RESET               startup_stm32f407xx.o
    0x08000188   0x08000188   0x00000008   Code   RO         4860  * !!!main             c_w.l(__main.o)
    0x08000190   0x08000190   0x00000034   Code   RO         5105    !!!scatter          c_w.l(__scatter.o)
    0x080001c4   0x080001c4   0x0000005a   Code   RO         5103    !!dczerorl2         c_w.l(__dczerorl2.o)
    0x0800021e   0x0800021e   0x00000002   PAD
    0x08000220   0x08000220   0x0000001c   Code   RO         5107    !!handler_zi        c_w.l(__scatter_zi.o)
    0x0800023c   0x0800023c   0x00000002   Code   RO         4976    .ARM.Collect$$libinit$$00000000  c_w.l(libinit.o)
    0x0800023e   0x0800023e   0x00000004   Code   RO         4985    .ARM.Collect$$libinit$$00000001  c_w.l(libinit2.o)
    0x08000242   0x08000242   0x00000000   Code   RO         4988    .ARM.Collect$$libinit$$00000004  c_w.l(libinit2.o)
    0x08000242   0x08000242   0x00000000   Code   RO         4991    .ARM.Collect$$libinit$$0000000A  c_w.l(libinit2.o)
    0x08000242   0x08000242   0x00000000   Code   RO         4993    .ARM.Collect$$libinit$$0000000C  c_w.l(libinit2.o)
    0x08000242   0x08000242   0x00000000   Code   RO         4995    .ARM.Collect$$libinit$$0000000E  c_w.l(libinit2.o)
    0x08000242   0x08000242   0x00000000   Code   RO         4998    .ARM.Collect$$libinit$$00000011  c_w.l(libinit2.o)
    0x08000242   0x08000242   0x00000000   Code   RO         5000    .ARM.Collect$$libinit$$00000013  c_w.l(libinit2.o)
    0x08000242   0x08000242   0x00000000   Code   RO         5002    .ARM.Collect$$libinit$$00000015  c_w.l(libinit2.o)
    0x08000242   0x08000242   0x00000000   Code   RO         5004    .ARM.Collect$$libinit$$00000017  c_w.l(libinit2.o)
    0x08000242   0x08000242   0x00000000   Code   RO         5006    .ARM.Collect$$libinit$$00000019  c_w.l(libinit2.o)
    0x08000242   0x08000242   0x00000000   Code   RO         5008    .ARM.Collect$$libinit$$0000001B  c_w.l(libinit2.o)
    0x08000242   0x08000242   0x00000000   Code   RO         5010    .ARM.Collect$$libinit$$0000001D  c_w.l(libinit2.o)
    0x08000242   0x08000242   0x00000000   Code   RO         5012    .ARM.Collect$$libinit$$0000001F  c_w.l(libinit2.o)
    0x08000242   0x08000242   0x00000000   Code   RO         5014    .ARM.Collect$$libinit$$00000021  c_w.l(libinit2.o)
    0x08000242   0x08000242   0x00000000   Code   RO         5016    .ARM.Collect$$libinit$$00000023  c_w.l(libinit2.o)
    0x08000242   0x08000242   0x00000000   Code   RO         5018    .ARM.Collect$$libinit$$00000025  c_w.l(libinit2.o)
    0x08000242   0x08000242   0x00000000   Code   RO         5022    .ARM.Collect$$libinit$$0000002C  c_w.l(libinit2.o)
    0x08000242   0x08000242   0x00000000   Code   RO         5024    .ARM.Collect$$libinit$$0000002E  c_w.l(libinit2.o)
    0x08000242   0x08000242   0x00000000   Code   RO         5026    .ARM.Collect$$libinit$$00000030  c_w.l(libinit2.o)
    0x08000242   0x08000242   0x00000000   Code   RO         5028    .ARM.Collect$$libinit$$00000032  c_w.l(libinit2.o)
    0x08000242   0x08000242   0x00000002   Code   RO         5029    .ARM.Collect$$libinit$$00000033  c_w.l(libinit2.o)
    0x08000244   0x08000244   0x00000002   Code   RO         5060    .ARM.Collect$$libshutdown$$00000000  c_w.l(libshutdown.o)
    0x08000246   0x08000246   0x00000000   Code   RO         5086    .ARM.Collect$$libshutdown$$00000002  c_w.l(libshutdown2.o)
    0x08000246   0x08000246   0x00000000   Code   RO         5088    .ARM.Collect$$libshutdown$$00000004  c_w.l(libshutdown2.o)
    0x08000246   0x08000246   0x00000000   Code   RO         5091    .ARM.Collect$$libshutdown$$00000007  c_w.l(libshutdown2.o)
    0x08000246   0x08000246   0x00000000   Code   RO         5094    .ARM.Collect$$libshutdown$$0000000A  c_w.l(libshutdown2.o)
    0x08000246   0x08000246   0x00000000   Code   RO         5096    .ARM.Collect$$libshutdown$$0000000C  c_w.l(libshutdown2.o)
    0x08000246   0x08000246   0x00000000   Code   RO         5099    .ARM.Collect$$libshutdown$$0000000F  c_w.l(libshutdown2.o)
    0x08000246   0x08000246   0x00000002   Code   RO         5100    .ARM.Collect$$libshutdown$$00000010  c_w.l(libshutdown2.o)
    0x08000248   0x08000248   0x00000000   Code   RO         4892    .ARM.Collect$$rtentry$$00000000  c_w.l(__rtentry.o)
    0x08000248   0x08000248   0x00000000   Code   RO         4939    .ARM.Collect$$rtentry$$00000002  c_w.l(__rtentry2.o)
    0x08000248   0x08000248   0x00000006   Code   RO         4951    .ARM.Collect$$rtentry$$00000004  c_w.l(__rtentry4.o)
    0x0800024e   0x0800024e   0x00000000   Code   RO         4941    .ARM.Collect$$rtentry$$00000009  c_w.l(__rtentry2.o)
    0x0800024e   0x0800024e   0x00000004   Code   RO         4942    .ARM.Collect$$rtentry$$0000000A  c_w.l(__rtentry2.o)
    0x08000252   0x08000252   0x00000000   Code   RO         4944    .ARM.Collect$$rtentry$$0000000C  c_w.l(__rtentry2.o)
    0x08000252   0x08000252   0x00000008   Code   RO         4945    .ARM.Collect$$rtentry$$0000000D  c_w.l(__rtentry2.o)
    0x0800025a   0x0800025a   0x00000002   Code   RO         4977    .ARM.Collect$$rtexit$$00000000  c_w.l(rtexit.o)
    0x0800025c   0x0800025c   0x00000000   Code   RO         5033    .ARM.Collect$$rtexit$$00000002  c_w.l(rtexit2.o)
    0x0800025c   0x0800025c   0x00000004   Code   RO         5034    .ARM.Collect$$rtexit$$00000003  c_w.l(rtexit2.o)
    0x08000260   0x08000260   0x00000006   Code   RO         5035    .ARM.Collect$$rtexit$$00000004  c_w.l(rtexit2.o)
    0x08000266   0x08000266   0x00000002   PAD
    0x08000268   0x08000268   0x000000be   Code   RO         4767    .emb_text           port.o
    0x08000326   0x08000326   0x00000002   PAD
    0x08000328   0x08000328   0x00000040   Code   RO            4    .text               startup_stm32f407xx.o
    0x08000368   0x08000368   0x000000ee   Code   RO         4846    .text               c_w.l(lludivv7m.o)
    0x08000456   0x08000456   0x0000003e   Code   RO         4848    .text               c_w.l(strlen.o)
    0x08000494   0x08000494   0x00000064   Code   RO         4852    .text               c_w.l(rt_memcpy_w.o)
    0x080004f8   0x080004f8   0x0000004e   Code   RO         4856    .text               c_w.l(rt_memclr_w.o)
    0x08000546   0x08000546   0x00000006   Code   RO         4858    .text               c_w.l(heapauxi.o)
    0x0800054c   0x0800054c   0x00000016   Code   RO         4897    .text               c_w.l(_rserrno.o)
    0x08000562   0x08000562   0x00000002   PAD
    0x08000564   0x08000564   0x00000008   Code   RO         4958    .text               c_w.l(rt_errno_addr_intlibspace.o)
    0x0800056c   0x0800056c   0x00000008   Code   RO         4960    .text               c_w.l(libspace.o)
    0x08000574   0x08000574   0x0000004a   Code   RO         4963    .text               c_w.l(sys_stackheap_outer.o)
    0x080005be   0x080005be   0x00000012   Code   RO         4965    .text               c_w.l(exit.o)
    0x080005d0   0x080005d0   0x0000000c   Code   RO         5030    .text               c_w.l(sys_exit.o)
    0x080005dc   0x080005dc   0x00000002   Code   RO         5049    .text               c_w.l(use_no_semi.o)
    0x080005de   0x080005de   0x00000000   Code   RO         5051    .text               c_w.l(indicate_semi.o)
    0x080005de   0x080005de   0x00000002   PAD
    0x080005e0   0x080005e0   0x00000028   Code   RO          366    i.AHRS_init         ins_task.o
    0x08000608   0x08000608   0x00000014   Code   RO          248    i.BMI088_ACCEL_NS_H  bmi088middleware.o
    0x0800061c   0x0800061c   0x00000014   Code   RO          249    i.BMI088_ACCEL_NS_L  bmi088middleware.o
    0x08000630   0x08000630   0x00000002   Code   RO          250    i.BMI088_GPIO_init  bmi088middleware.o
    0x08000632   0x08000632   0x00000002   PAD
    0x08000634   0x08000634   0x00000014   Code   RO          251    i.BMI088_GYRO_NS_H  bmi088middleware.o
    0x08000648   0x08000648   0x00000014   Code   RO          252    i.BMI088_GYRO_NS_L  bmi088middleware.o
    0x0800065c   0x0800065c   0x00000090   Code   RO           13    i.BMI088_accel_read_over  bmi088driver.o
    0x080006ec   0x080006ec   0x00000002   Code   RO          253    i.BMI088_com_init   bmi088middleware.o
    0x080006ee   0x080006ee   0x0000000c   Code   RO          254    i.BMI088_delay_ms   bmi088middleware.o
    0x080006fa   0x080006fa   0x0000000c   Code   RO          255    i.BMI088_delay_us   bmi088middleware.o
    0x08000706   0x08000706   0x00000002   PAD
    0x08000708   0x08000708   0x00000068   Code   RO           14    i.BMI088_gyro_read_over  bmi088driver.o
    0x08000770   0x08000770   0x00000034   Code   RO           15    i.BMI088_init       bmi088driver.o
    0x080007a4   0x080007a4   0x0000017c   Code   RO           16    i.BMI088_read       bmi088driver.o
    0x08000920   0x08000920   0x00000026   Code   RO           19    i.BMI088_read_muli_reg  bmi088driver.o
    0x08000946   0x08000946   0x00000018   Code   RO           20    i.BMI088_read_single_reg  bmi088driver.o
    0x0800095e   0x0800095e   0x00000002   PAD
    0x08000960   0x08000960   0x00000020   Code   RO          256    i.BMI088_read_write_byte  bmi088middleware.o
    0x08000980   0x08000980   0x00000034   Code   RO           21    i.BMI088_temperature_read_over  bmi088driver.o
    0x080009b4   0x080009b4   0x00000014   Code   RO           22    i.BMI088_write_single_reg  bmi088driver.o
    0x080009c8   0x080009c8   0x00000004   Code   RO          959    i.BusFault_Handler  stm32f4xx_it.o
    0x080009cc   0x080009cc   0x000000d0   Code   RO          367    i.DMA2_Stream2_IRQHandler  ins_task.o
    0x08000a9c   0x08000a9c   0x00000010   Code   RO          960    i.DMA2_Stream3_IRQHandler  stm32f4xx_it.o
    0x08000aac   0x08000aac   0x00000034   Code   RO         1575    i.DMA_CalcBaseAndBitshift  stm32f4xx_hal_dma.o
    0x08000ae0   0x08000ae0   0x000000aa   Code   RO         1576    i.DMA_CheckFifoParam  stm32f4xx_hal_dma.o
    0x08000b8a   0x08000b8a   0x00000002   Code   RO          961    i.DebugMon_Handler  stm32f4xx_it.o
    0x08000b8c   0x08000b8c   0x0000000a   Code   RO          962    i.EXTI0_IRQHandler  stm32f4xx_it.o
    0x08000b96   0x08000b96   0x0000000a   Code   RO          963    i.EXTI4_IRQHandler  stm32f4xx_it.o
    0x08000ba0   0x08000ba0   0x0000000a   Code   RO          964    i.EXTI9_5_IRQHandler  stm32f4xx_it.o
    0x08000baa   0x08000baa   0x00000006   Code   RO          632    i.Error_Handler     main.o
    0x08000bb0   0x08000bb0   0x00000240   Code   RO         1583    i.HAL_DMA_IRQHandler  stm32f4xx_hal_dma.o
    0x08000df0   0x08000df0   0x000000ec   Code   RO         1584    i.HAL_DMA_Init      stm32f4xx_hal_dma.o
    0x08000edc   0x08000edc   0x00000090   Code   RO          368    i.HAL_GPIO_EXTI_Callback  ins_task.o
    0x08000f6c   0x08000f6c   0x0000001c   Code   RO         1470    i.HAL_GPIO_EXTI_IRQHandler  stm32f4xx_hal_gpio.o
    0x08000f88   0x08000f88   0x00000200   Code   RO         1471    i.HAL_GPIO_Init     stm32f4xx_hal_gpio.o
    0x08001188   0x08001188   0x0000000c   Code   RO         1475    i.HAL_GPIO_WritePin  stm32f4xx_hal_gpio.o
    0x08001194   0x08001194   0x0000000c   Code   RO         2008    i.HAL_GetTick       stm32f4xx_hal.o
    0x080011a0   0x080011a0   0x00000018   Code   RO         2014    i.HAL_IncTick       stm32f4xx_hal.o
    0x080011b8   0x080011b8   0x0000003c   Code   RO         2015    i.HAL_Init          stm32f4xx_hal.o
    0x080011f4   0x080011f4   0x0000004c   Code   RO         2016    i.HAL_InitTick      stm32f4xx_hal.o
    0x08001240   0x08001240   0x00000054   Code   RO         1047    i.HAL_MspInit       stm32f4xx_hal_msp.o
    0x08001294   0x08001294   0x00000020   Code   RO         1860    i.HAL_NVIC_EnableIRQ  stm32f4xx_hal_cortex.o
    0x080012b4   0x080012b4   0x0000007c   Code   RO         1866    i.HAL_NVIC_SetPriority  stm32f4xx_hal_cortex.o
    0x08001330   0x08001330   0x00000028   Code   RO         1867    i.HAL_NVIC_SetPriorityGrouping  stm32f4xx_hal_cortex.o
    0x08001358   0x08001358   0x00000180   Code   RO         1072    i.HAL_RCC_ClockConfig  stm32f4xx_hal_rcc.o
    0x080014d8   0x080014d8   0x000000b0   Code   RO         1081    i.HAL_RCC_GetSysClockFreq  stm32f4xx_hal_rcc.o
    0x08001588   0x08001588   0x00000448   Code   RO         1084    i.HAL_RCC_OscConfig  stm32f4xx_hal_rcc.o
    0x080019d0   0x080019d0   0x0000008c   Code   RO         2261    i.HAL_SPI_Init      stm32f4xx_hal_spi.o
    0x08001a5c   0x08001a5c   0x00000158   Code   RO          870    i.HAL_SPI_MspInit   spi.o
    0x08001bb4   0x08001bb4   0x0000022a   Code   RO         2270    i.HAL_SPI_TransmitReceive  stm32f4xx_hal_spi.o
    0x08001dde   0x08001dde   0x00000034   Code   RO         1871    i.HAL_SYSTICK_Config  stm32f4xx_hal_cortex.o
    0x08001e12   0x08001e12   0x00000034   Code   RO         2574    i.HAL_TIM_Base_Init  stm32f4xx_hal_tim.o
    0x08001e46   0x08001e46   0x00000002   PAD
    0x08001e48   0x08001e48   0x00000034   Code   RO          912    i.HAL_TIM_Base_MspInit  tim.o
    0x08001e7c   0x08001e7c   0x00000064   Code   RO          913    i.HAL_TIM_MspPostInit  tim.o
    0x08001ee0   0x08001ee0   0x00000108   Code   RO         2641    i.HAL_TIM_PWM_ConfigChannel  stm32f4xx_hal_tim.o
    0x08001fe8   0x08001fe8   0x00000034   Code   RO         2644    i.HAL_TIM_PWM_Init  stm32f4xx_hal_tim.o
    0x0800201c   0x0800201c   0x00000002   Code   RO         2646    i.HAL_TIM_PWM_MspInit  stm32f4xx_hal_tim.o
    0x0800201e   0x0800201e   0x00000002   PAD
    0x08002020   0x08002020   0x00000058   Code   RO         2649    i.HAL_TIM_PWM_Start  stm32f4xx_hal_tim.o
    0x08002078   0x08002078   0x00000004   Code   RO          965    i.HardFault_Handler  stm32f4xx_it.o
    0x0800207c   0x0800207c   0x000002e0   Code   RO          369    i.INS_task          ins_task.o
    0x0800235c   0x0800235c   0x00000048   Code   RO          845    i.MX_DMA_Init       dma.o
    0x080023a4   0x080023a4   0x00000044   Code   RO          792    i.MX_FREERTOS_Init  freertos.o
    0x080023e8   0x080023e8   0x0000018c   Code   RO          768    i.MX_GPIO_Init      gpio.o
    0x08002574   0x08002574   0x00000048   Code   RO          871    i.MX_SPI1_Init      spi.o
    0x080025bc   0x080025bc   0x0000006c   Code   RO          914    i.MX_TIM10_Init     tim.o
    0x08002628   0x08002628   0x000002fc   Code   RO          370    i.MahonyAHRSupdateIMU  ins_task.o
    0x08002924   0x08002924   0x00000004   Code   RO          966    i.MemManage_Handler  stm32f4xx_it.o
    0x08002928   0x08002928   0x00000004   Code   RO          967    i.NMI_Handler       stm32f4xx_it.o
    0x0800292c   0x0800292c   0x000001f0   Code   RO          490    i.PID_calc          pid.o
    0x08002b1c   0x08002b1c   0x00000060   Code   RO          493    i.PID_init          pid.o
    0x08002b7c   0x08002b7c   0x00000148   Code   RO          601    i.SPI1_DMA_enable   bsp_spi.o
    0x08002cc4   0x08002cc4   0x00000180   Code   RO          602    i.SPI1_DMA_init     bsp_spi.o
    0x08002e44   0x08002e44   0x00000028   Code   RO         2299    i.SPI_EndRxTxTransaction  stm32f4xx_hal_spi.o
    0x08002e6c   0x08002e6c   0x000000a8   Code   RO         2304    i.SPI_WaitFlagStateUntilTimeout  stm32f4xx_hal_spi.o
    0x08002f14   0x08002f14   0x0000000a   Code   RO          793    i.StartDefaultTask  freertos.o
    0x08002f1e   0x08002f1e   0x00000014   Code   RO          968    i.SysTick_Handler   stm32f4xx_it.o
    0x08002f32   0x08002f32   0x00000002   PAD
    0x08002f34   0x08002f34   0x000000b4   Code   RO          633    i.SystemClock_Config  main.o
    0x08002fe8   0x08002fe8   0x00000064   Code   RO         3512    i.SystemInit        system_stm32f4xx.o
    0x0800304c   0x0800304c   0x000000d8   Code   RO         2662    i.TIM_Base_SetConfig  stm32f4xx_hal_tim.o
    0x08003124   0x08003124   0x00000022   Code   RO         2663    i.TIM_CCxChannelCmd  stm32f4xx_hal_tim.o
    0x08003146   0x08003146   0x00000002   PAD
    0x08003148   0x08003148   0x00000070   Code   RO         2675    i.TIM_OC1_SetConfig  stm32f4xx_hal_tim.o
    0x080031b8   0x080031b8   0x0000007c   Code   RO         2676    i.TIM_OC2_SetConfig  stm32f4xx_hal_tim.o
    0x08003234   0x08003234   0x00000078   Code   RO         2677    i.TIM_OC3_SetConfig  stm32f4xx_hal_tim.o
    0x080032ac   0x080032ac   0x00000054   Code   RO         2678    i.TIM_OC4_SetConfig  stm32f4xx_hal_tim.o
    0x08003300   0x08003300   0x00000004   Code   RO          969    i.UsageFault_Handler  stm32f4xx_it.o
    0x08003304   0x08003304   0x00000026   Code   RO         4910    i.__ARM_fpclassifyf  m_wm.l(fpclassifyf.o)
    0x0800332a   0x0800332a   0x00000002   PAD
    0x0800332c   0x0800332c   0x00000010   Code   RO         1873    i.__NVIC_GetPriorityGrouping  stm32f4xx_hal_cortex.o
    0x0800333c   0x0800333c   0x00000028   Code   RO         1874    i.__NVIC_SetPriority  stm32f4xx_hal_cortex.o
    0x08003364   0x08003364   0x0000012c   Code   RO         4868    i.__hardfp_asinf    m_wm.l(asinf.o)
    0x08003490   0x08003490   0x00000250   Code   RO         4880    i.__hardfp_atan2f   m_wm.l(atan2f.o)
    0x080036e0   0x080036e0   0x00000006   Code   RO         4913    i.__mathlib_flt_infnan  m_wm.l(funder.o)
    0x080036e6   0x080036e6   0x00000006   Code   RO         4914    i.__mathlib_flt_infnan2  m_wm.l(funder.o)
    0x080036ec   0x080036ec   0x00000010   Code   RO         4915    i.__mathlib_flt_invalid  m_wm.l(funder.o)
    0x080036fc   0x080036fc   0x00000010   Code   RO         4918    i.__mathlib_flt_underflow  m_wm.l(funder.o)
    0x0800370c   0x0800370c   0x00000134   Code   RO           23    i.bmi088_accel_init  bmi088driver.o
    0x08003840   0x08003840   0x00000308   Code   RO           24    i.bmi088_accel_self_test  bmi088driver.o
    0x08003b48   0x08003b48   0x000000f4   Code   RO           25    i.bmi088_gyro_init  bmi088driver.o
    0x08003c3c   0x08003c3c   0x000000d0   Code   RO           26    i.bmi088_gyro_self_test  bmi088driver.o
    0x08003d0c   0x08003d0c   0x00000030   Code   RO          538    i.delay_init        bsp_delay.o
    0x08003d3c   0x08003d3c   0x00000050   Code   RO          540    i.delay_us          bsp_delay.o
    0x08003d8c   0x08003d8c   0x0000014c   Code   RO          373    i.get_angle         ins_task.o
    0x08003ed8   0x08003ed8   0x000000cc   Code   RO          375    i.imu_cali_slove    ins_task.o
    0x08003fa4   0x08003fa4   0x00000168   Code   RO          376    i.imu_cmd_spi_dma   ins_task.o
    0x0800410c   0x0800410c   0x0000000c   Code   RO          576    i.imu_pwm_set       bsp_imu_pwm.o
    0x08004118   0x08004118   0x000000a4   Code   RO          377    i.imu_temp_control  ins_task.o
    0x080041bc   0x080041bc   0x0000003c   Code   RO          378    i.invSqrt           ins_task.o
    0x080041f8   0x080041f8   0x00000034   Code   RO          634    i.main              main.o
    0x0800422c   0x0800422c   0x0000000e   Code   RO         4339    i.makeFreeRtosPriority  cmsis_os.o
    0x0800423a   0x0800423a   0x00000018   Code   RO         4341    i.osDelay           cmsis_os.o
    0x08004252   0x08004252   0x0000000a   Code   RO         4344    i.osKernelStart     cmsis_os.o
    0x0800425c   0x0800425c   0x0000005e   Code   RO         4378    i.osThreadCreate    cmsis_os.o
    0x080042ba   0x080042ba   0x00000002   PAD
    0x080042bc   0x080042bc   0x00000030   Code   RO         4013    i.pcTaskGetName     tasks.o
    0x080042ec   0x080042ec   0x00000098   Code   RO         4014    i.prvAddCurrentTaskToDelayedList  tasks.o
    0x08004384   0x08004384   0x000000b4   Code   RO         4015    i.prvAddNewTaskToReadyList  tasks.o
    0x08004438   0x08004438   0x00000048   Code   RO         4016    i.prvCheckTasksWaitingTermination  tasks.o
    0x08004480   0x08004480   0x00000050   Code   RO         4017    i.prvDeleteTCB      tasks.o
    0x080044d0   0x080044d0   0x0000007c   Code   RO         4706    i.prvHeapInit       heap_4.o
    0x0800454c   0x0800454c   0x00000028   Code   RO         4018    i.prvIdleTask       tasks.o
    0x08004574   0x08004574   0x000000aa   Code   RO         4019    i.prvInitialiseNewTask  tasks.o
    0x0800461e   0x0800461e   0x00000002   PAD
    0x08004620   0x08004620   0x00000068   Code   RO         4020    i.prvInitialiseTaskLists  tasks.o
    0x08004688   0x08004688   0x00000068   Code   RO         4707    i.prvInsertBlockIntoFreeList  heap_4.o
    0x080046f0   0x080046f0   0x00000034   Code   RO         4021    i.prvResetNextTaskUnblockTime  tasks.o
    0x08004724   0x08004724   0x0000009e   Code   RO         4022    i.prvSearchForNameWithinSingleList  tasks.o
    0x080047c2   0x080047c2   0x00000002   PAD
    0x080047c4   0x080047c4   0x00000040   Code   RO         4768    i.prvTaskExitError  port.o
    0x08004804   0x08004804   0x0000013c   Code   RO         4708    i.pvPortMalloc      heap_4.o
    0x08004940   0x08004940   0x0000002c   Code   RO         4769    i.pxPortInitialiseStack  port.o
    0x0800496c   0x0800496c   0x0000003e   Code   RO         4928    i.sqrtf             m_wm.l(sqrtf.o)
    0x080049aa   0x080049aa   0x00000002   PAD
    0x080049ac   0x080049ac   0x00000074   Code   RO         4025    i.ulTaskNotifyTake  tasks.o
    0x08004a20   0x08004a20   0x00000028   Code   RO         3649    i.uxListRemove      list.o
    0x08004a48   0x08004a48   0x00000018   Code   RO          794    i.vApplicationGetIdleTaskMemory  freertos.o
    0x08004a60   0x08004a60   0x0000001a   Code   RO         3650    i.vListInitialise   list.o
    0x08004a7a   0x08004a7a   0x00000006   Code   RO         3651    i.vListInitialiseItem  list.o
    0x08004a80   0x08004a80   0x00000034   Code   RO         3652    i.vListInsert       list.o
    0x08004ab4   0x08004ab4   0x00000018   Code   RO         3653    i.vListInsertEnd    list.o
    0x08004acc   0x08004acc   0x00000054   Code   RO         4771    i.vPortEnterCritical  port.o
    0x08004b20   0x08004b20   0x0000003c   Code   RO         4772    i.vPortExitCritical  port.o
    0x08004b5c   0x08004b5c   0x00000094   Code   RO         4709    i.vPortFree         heap_4.o
    0x08004bf0   0x08004bf0   0x00000028   Code   RO         4773    i.vPortSetupTimerInterrupt  port.o
    0x08004c18   0x08004c18   0x00000078   Code   RO         4774    i.vPortValidateInterruptPriority  port.o
    0x08004c90   0x08004c90   0x0000005c   Code   RO         4030    i.vTaskDelay        tasks.o
    0x08004cec   0x08004cec   0x000000f0   Code   RO         4035    i.vTaskNotifyGiveFromISR  tasks.o
    0x08004ddc   0x08004ddc   0x000000b0   Code   RO         4043    i.vTaskStartScheduler  tasks.o
    0x08004e8c   0x08004e8c   0x00000010   Code   RO         4045    i.vTaskSuspendAll   tasks.o
    0x08004e9c   0x08004e9c   0x0000008c   Code   RO         4046    i.vTaskSwitchContext  tasks.o
    0x08004f28   0x08004f28   0x00000168   Code   RO         4775    i.xPortStartScheduler  port.o
    0x08005090   0x08005090   0x00000034   Code   RO         4776    i.xPortSysTickHandler  port.o
    0x080050c4   0x080050c4   0x00000064   Code   RO         4048    i.xTaskCreate       tasks.o
    0x08005128   0x08005128   0x000000b8   Code   RO         4049    i.xTaskCreateStatic  tasks.o
    0x080051e0   0x080051e0   0x000000a4   Code   RO         4053    i.xTaskGetHandle    tasks.o
    0x08005284   0x08005284   0x00000020   Code   RO         4054    i.xTaskGetSchedulerState  tasks.o
    0x080052a4   0x080052a4   0x00000148   Code   RO         4057    i.xTaskIncrementTick  tasks.o
    0x080053ec   0x080053ec   0x00000104   Code   RO         4063    i.xTaskResumeAll    tasks.o
    0x080054f0   0x080054f0   0x00000062   Code   RO         4862    x$fpl$d2f           fz_wm.l(d2f.o)
    0x08005552   0x08005552   0x00000002   PAD
    0x08005554   0x08005554   0x00000154   Code   RO         4864    x$fpl$dmul          fz_wm.l(dmul.o)
    0x080056a8   0x080056a8   0x0000009c   Code   RO         4901    x$fpl$dnaninf       fz_wm.l(dnaninf.o)
    0x08005744   0x08005744   0x0000000c   Code   RO         4903    x$fpl$dretinf       fz_wm.l(dretinf.o)
    0x08005750   0x08005750   0x00000056   Code   RO         4866    x$fpl$f2d           fz_wm.l(f2d.o)
    0x080057a6   0x080057a6   0x0000008c   Code   RO         4905    x$fpl$fnaninf       fz_wm.l(fnaninf.o)
    0x08005832   0x08005832   0x0000000a   Code   RO         5045    x$fpl$fpinit        fz_wm.l(fpinit.o)
    0x0800583c   0x0800583c   0x0000000a   Code   RO         4907    x$fpl$fretinf       fz_wm.l(fretinf.o)
    0x08005846   0x08005846   0x00000000   Code   RO         4909    x$fpl$usenofp       fz_wm.l(usenofp.o)
    0x08005846   0x08005846   0x00000012   Data   RO           31    .constdata          bmi088driver.o
    0x08005858   0x08005858   0x00000018   Data   RO          380    .constdata          ins_task.o
    0x08005870   0x08005870   0x00000038   Data   RO          796    .constdata          freertos.o
    0x080058a8   0x080058a8   0x00000008   Data   RO         1590    .constdata          stm32f4xx_hal_dma.o
    0x080058b0   0x080058b0   0x00000018   Data   RO         3513    .constdata          system_stm32f4xx.o
    0x080058c8   0x080058c8   0x00000014   Data   RO          797    .conststring        freertos.o
    0x080058dc   0x080058dc   0x00000020   Data   RO         5101    Region$$Table       anon$$obj.o


    Execution Region RW_IRAM1 (Exec base: 0x20000000, Load base: 0x080058fc, Size: 0x00004940, Max: 0x0001c000, ABSOLUTE, COMPRESSED[0x00000068])

    Exec Addr    Load Addr    Size         Type   Attr      Idx    E Section Name        Object

    0x20000000   COMPRESSED   0x0000002d   Data   RW           32    .data               bmi088driver.o
    0x2000002d   COMPRESSED   0x00000003   PAD
    0x20000030   COMPRESSED   0x000000a0   Data   RW          381    .data               ins_task.o
    0x200000d0   COMPRESSED   0x00000008   Data   RW          541    .data               bsp_delay.o
    0x200000d8   COMPRESSED   0x00000008   Data   RW          798    .data               freertos.o
    0x200000e0   COMPRESSED   0x00000009   Data   RW         2022    .data               stm32f4xx_hal.o
    0x200000e9   COMPRESSED   0x00000003   PAD
    0x200000ec   COMPRESSED   0x00000004   Data   RW         3514    .data               system_stm32f4xx.o
    0x200000f0   COMPRESSED   0x0000003c   Data   RW         4066    .data               tasks.o
    0x2000012c   COMPRESSED   0x00000018   Data   RW         4714    .data               heap_4.o
    0x20000144   COMPRESSED   0x0000000c   Data   RW         4777    .data               port.o
    0x20000150        -       0x000000f4   Zero   RW          379    .bss                ins_task.o
    0x20000244        -       0x00000254   Zero   RW          795    .bss                freertos.o
    0x20000498        -       0x00000118   Zero   RW          872    .bss                spi.o
    0x200005b0        -       0x00000040   Zero   RW          915    .bss                tim.o
    0x200005f0        -       0x000000f0   Zero   RW         4065    .bss                tasks.o
    0x200006e0        -       0x00003c00   Zero   RW         4713    .bss                heap_4.o
    0x200042e0        -       0x00000060   Zero   RW         4961    .bss                c_w.l(libspace.o)
    0x20004340        -       0x00000200   Zero   RW            2    HEAP                startup_stm32f407xx.o
    0x20004540        -       0x00000400   Zero   RW            1    STACK               startup_stm32f407xx.o


    Execution Region RW_IRAM2 (Exec base: 0x2001c000, Load base: 0x08005964, Size: 0x00000000, Max: 0x00004000, ABSOLUTE)

    **** No section assigned to this execution region ****


==============================================================================

Image component sizes


      Code (inc. data)   RO Data    RW Data    ZI Data      Debug   Object Name

      2350         44         18         45          0     599651   bmi088driver.o
       140         28          0          0          0      17060   bmi088middleware.o
       128         20          0          8          0       1288   bsp_delay.o
        12          4          0          0          0        482   bsp_imu_pwm.o
       712         40          0          0          0       1410   bsp_spi.o
       142          0          0          0          0      22111   cmsis_os.o
        72          4          0          0          0        750   dma.o
         0          0          0          0          0      18100   event_groups.o
       102         24         76          8        596       2528   freertos.o
       396         24          0          0          0       1111   gpio.o
       692         62          0         24      15360       7319   heap_4.o
      3012        298         24        160        244      11958   ins_task.o
       148          0          0          0          0       3562   list.o
       238         12          0          0          0     701788   main.o
       592          8          0          0          0       1858   pid.o
      1014         92          0         12          0      12041   port.o
       416         38          0          0        280       1895   spi.o
        64         26        392          0       1536        844   startup_stm32f407xx.o
       172         32          0          9          0       3917   stm32f4xx_hal.o
       304         22          0          0          0      34451   stm32f4xx_hal_cortex.o
      1034         16          8          0          0       3888   stm32f4xx_hal_dma.o
       552         50          0          0          0       2943   stm32f4xx_hal_gpio.o
        84          6          0          0          0        834   stm32f4xx_hal_msp.o
      1656         58          0          0          0       3800   stm32f4xx_hal_rcc.o
       902          0          0          0          0       4405   stm32f4xx_hal_spi.o
      1148         90          0          0          0       8410   stm32f4xx_hal_tim.o
        88          6          0          0          0       5172   stm32f4xx_it.o
         0          0          0          0          0        392   stream_buffer.o
       100         18         24          4          0       1155   system_stm32f4xx.o
      2904        336          0         60        240      22799   tasks.o
       260         30          0          0         64       2254   tim.o

    ----------------------------------------------------------------------
     19456       1388        574        336      18320    1500176   Object Totals
         0          0         32          0          0          0   (incl. Generated)
        22          0          0          6          0          0   (incl. Padding)

    ----------------------------------------------------------------------

      Code (inc. data)   RO Data    RW Data    ZI Data      Debug   Library Member Name

        90          0          0          0          0          0   __dczerorl2.o
         8          0          0          0          0         68   __main.o
         0          0          0          0          0          0   __rtentry.o
        12          0          0          0          0          0   __rtentry2.o
         6          0          0          0          0          0   __rtentry4.o
        52          8          0          0          0          0   __scatter.o
        28          0          0          0          0          0   __scatter_zi.o
        22          0          0          0          0        100   _rserrno.o
        18          0          0          0          0         80   exit.o
         6          0          0          0          0        152   heapauxi.o
         0          0          0          0          0          0   indicate_semi.o
         2          0          0          0          0          0   libinit.o
         6          0          0          0          0          0   libinit2.o
         2          0          0          0          0          0   libshutdown.o
         2          0          0          0          0          0   libshutdown2.o
         8          4          0          0         96         68   libspace.o
       238          0          0          0          0        100   lludivv7m.o
         8          4          0          0          0         68   rt_errno_addr_intlibspace.o
        78          0          0          0          0         80   rt_memclr_w.o
       100          0          0          0          0         80   rt_memcpy_w.o
         2          0          0          0          0          0   rtexit.o
        10          0          0          0          0          0   rtexit2.o
        62          0          0          0          0         76   strlen.o
        12          4          0          0          0         68   sys_exit.o
        74          0          0          0          0         80   sys_stackheap_outer.o
         2          0          0          0          0         68   use_no_semi.o
        98          4          0          0          0        140   d2f.o
       340         12          0          0          0        152   dmul.o
       156          4          0          0          0        140   dnaninf.o
        12          0          0          0          0        116   dretinf.o
        86          4          0          0          0        132   f2d.o
       140          4          0          0          0        132   fnaninf.o
        10          0          0          0          0        116   fpinit.o
        10          0          0          0          0        116   fretinf.o
         0          0          0          0          0          0   usenofp.o
       300         42          0          0          0        176   asinf.o
       592         90          0          0          0        184   atan2f.o
        38          0          0          0          0        116   fpclassifyf.o
        44         12          0          0          0        464   funder.o
        62          0          0          0          0        136   sqrtf.o

    ----------------------------------------------------------------------
      2750        192          0          0         96       3208   Library Totals
        14          0          0          0          0          0   (incl. Padding)

    ----------------------------------------------------------------------

      Code (inc. data)   RO Data    RW Data    ZI Data      Debug   Library Name

       848         20          0          0         96       1088   c_w.l
       852         28          0          0          0       1044   fz_wm.l
      1036        144          0          0          0       1076   m_wm.l

    ----------------------------------------------------------------------
      2750        192          0          0         96       3208   Library Totals

    ----------------------------------------------------------------------

==============================================================================


      Code (inc. data)   RO Data    RW Data    ZI Data      Debug   

     22206       1580        574        336      18416    1488016   Grand Totals
     22206       1580        574        104      18416    1488016   ELF Image Totals (compressed)
     22206       1580        574        104          0          0   ROM Totals

==============================================================================

    Total RO  Size (Code + RO Data)                22780 (  22.25kB)
    Total RW  Size (RW Data + ZI Data)             18752 (  18.31kB)
    Total ROM Size (Code + RO Data + RW Data)      22884 (  22.35kB)

==============================================================================

